#
# There is insufficient memory for the Java Runtime Environment to continue.
# Native memory allocation (malloc) failed to allocate 409568 bytes. Error detail: Chunk::new
# Possible reasons:
#   The system is out of physical RAM or swap space
#   This process is running with CompressedOops enabled, and the Java Heap may be blocking the growth of the native heap
# Possible solutions:
#   Reduce memory load on the system
#   Increase physical memory or swap space
#   Check if swap backing store is full
#   Decrease Java heap size (-Xmx/-Xms)
#   Decrease number of Java threads
#   Decrease Java thread stack sizes (-Xss)
#   Set larger code cache with -XX:ReservedCodeCacheSize=
#   JVM is running with Unscaled Compressed Oops mode in which the Java heap is
#     placed in the first 4GB address space. The Java Heap base address is the
#     maximum limit for the native heap growth. Please use -XX:HeapBaseMinAddress
#     to set the Java Heap base and to place the Java Heap above 4GB virtual address.
# This output file may be truncated or incomplete.
#
#  Out of Memory Error (arena.cpp:191), pid=19544, tid=17372
#
# JRE version: OpenJDK Runtime Environment Microsoft-9388408 (17.0.11+9) (build 17.0.11+9-LTS)
# Java VM: OpenJDK 64-Bit Server VM Microsoft-9388408 (17.0.11+9-LTS, mixed mode, sharing, tiered, compressed oops, compressed class ptrs, g1 gc, windows-amd64)
# No core dump will be written. Minidumps are not enabled by default on client versions of Windows
#

---------------  S U M M A R Y ------------

Command Line: -Xmx64m -Xms64m -Dorg.gradle.appname=gradlew org.gradle.wrapper.GradleWrapperMain app:installDebug -PreactNativeDevServerPort=8081

Host: Intel(R) Core(TM) i5-10200H CPU @ 2.40GHz, 8 cores, 7G,  Windows 11 , 64 bit Build 22621 (10.0.22621.3085)
Time: Thu Jul 18 18:36:51 2024 India Standard Time elapsed time: 26.537068 seconds (0d 0h 0m 26s)

---------------  T H R E A D  ---------------

Current thread (0x000001341eae3380):  JavaThread "C2 CompilerThread0" daemon [_thread_in_native, id=17372, stack(0x0000002eba000000,0x0000002eba100000)]


Current CompileTask:
C2:  26537 1628   !   4       java.util.concurrent.ConcurrentHashMap::transfer (849 bytes)

Stack: [0x0000002eba000000,0x0000002eba100000]
Native frames: (J=compiled Java code, j=interpreted, Vv=VM code, C=native code)
V  [jvm.dll+0x67f6d9]
V  [jvm.dll+0x83773a]
V  [jvm.dll+0x8391fe]
V  [jvm.dll+0x839863]
V  [jvm.dll+0x247fbf]
V  [jvm.dll+0xac544]
V  [jvm.dll+0xacb8c]
V  [jvm.dll+0x3688a7]
V  [jvm.dll+0x332e1a]
V  [jvm.dll+0x3322ba]
V  [jvm.dll+0x21a5d1]
V  [jvm.dll+0x219a11]
V  [jvm.dll+0x1a5396]
V  [jvm.dll+0x2297cd]
V  [jvm.dll+0x22799c]
V  [jvm.dll+0x7ec8b7]
V  [jvm.dll+0x7e6cba]
V  [jvm.dll+0x67e5c5]
C  [ucrtbase.dll+0x29363]
C  [KERNEL32.DLL+0x1257d]
C  [ntdll.dll+0x5aa58]


---------------  P R O C E S S  ---------------

Threads class SMR info:
_java_thread_list=0x000001341eb71700, length=15, elements={
0x00000134050b0430, 0x0000013405155a00, 0x0000013405157890, 0x000001341eadbf90,
0x000001341eadcb50, 0x000001341eadf520, 0x000001341eae0680, 0x000001341eae3380,
0x000001341eae4930, 0x000001341eaecaa0, 0x0000013464072e40, 0x0000013464076200,
0x00000134642534d0, 0x0000013464b75440, 0x00000134644ba3e0
}

Java Threads: ( => current thread )
  0x00000134050b0430 JavaThread "main" [_thread_in_vm, id=51672, stack(0x0000002eb9300000,0x0000002eb9400000)]
  0x0000013405155a00 JavaThread "Reference Handler" daemon [_thread_blocked, id=44960, stack(0x0000002eb9a00000,0x0000002eb9b00000)]
  0x0000013405157890 JavaThread "Finalizer" daemon [_thread_blocked, id=40744, stack(0x0000002eb9b00000,0x0000002eb9c00000)]
  0x000001341eadbf90 JavaThread "Signal Dispatcher" daemon [_thread_blocked, id=17576, stack(0x0000002eb9c00000,0x0000002eb9d00000)]
  0x000001341eadcb50 JavaThread "Attach Listener" daemon [_thread_blocked, id=7940, stack(0x0000002eb9d00000,0x0000002eb9e00000)]
  0x000001341eadf520 JavaThread "Service Thread" daemon [_thread_blocked, id=53884, stack(0x0000002eb9e00000,0x0000002eb9f00000)]
  0x000001341eae0680 JavaThread "Monitor Deflation Thread" daemon [_thread_blocked, id=34036, stack(0x0000002eb9f00000,0x0000002eba000000)]
=>0x000001341eae3380 JavaThread "C2 CompilerThread0" daemon [_thread_in_native, id=17372, stack(0x0000002eba000000,0x0000002eba100000)]
  0x000001341eae4930 JavaThread "C1 CompilerThread0" daemon [_thread_blocked, id=52576, stack(0x0000002eba100000,0x0000002eba200000)]
  0x000001341eaecaa0 JavaThread "Sweeper thread" daemon [_thread_blocked, id=10916, stack(0x0000002eba200000,0x0000002eba300000)]
  0x0000013464072e40 JavaThread "Notification Thread" daemon [_thread_blocked, id=50196, stack(0x0000002eba300000,0x0000002eba400000)]
  0x0000013464076200 JavaThread "Common-Cleaner" daemon [_thread_blocked, id=25564, stack(0x0000002eba500000,0x0000002eba600000)]
  0x00000134642534d0 JavaThread "pool-1-thread-1" [_thread_blocked, id=13912, stack(0x0000002ebab00000,0x0000002ebac00000)]
  0x0000013464b75440 JavaThread "DisconnectableInputStream source reader" daemon [_thread_in_native, id=20780, stack(0x0000002ebac00000,0x0000002ebad00000)]
  0x00000134644ba3e0 JavaThread "C2 CompilerThread1" daemon [_thread_in_native, id=54156, stack(0x0000002ebad00000,0x0000002ebae00000)]

Other Threads:
  0x0000013405151250 VMThread "VM Thread" [stack: 0x0000002eb9900000,0x0000002eb9a00000] [id=9676]
  0x0000013464075330 WatcherThread [stack: 0x0000002eba400000,0x0000002eba500000] [id=25508]
  0x00000134050d07f0 GCTaskThread "GC Thread#0" [stack: 0x0000002eb9400000,0x0000002eb9500000] [id=23732]
  0x0000013464ab6900 GCTaskThread "GC Thread#1" [stack: 0x0000002eba700000,0x0000002eba800000] [id=42364]
  0x000001346454d910 GCTaskThread "GC Thread#2" [stack: 0x0000002eba800000,0x0000002eba900000] [id=44316]
  0x00000134643badc0 GCTaskThread "GC Thread#3" [stack: 0x0000002eba900000,0x0000002ebaa00000] [id=41960]
  0x00000134645362b0 GCTaskThread "GC Thread#4" [stack: 0x0000002ebaa00000,0x0000002ebab00000] [id=20220]
  0x00000134050d1f40 ConcurrentGCThread "G1 Main Marker" [stack: 0x0000002eb9500000,0x0000002eb9600000] [id=54148]
  0x00000134050d3970 ConcurrentGCThread "G1 Conc#0" [stack: 0x0000002eb9600000,0x0000002eb9700000] [id=37744]
  0x0000013405135070 ConcurrentGCThread "G1 Refine#0" [stack: 0x0000002eb9700000,0x0000002eb9800000] [id=34800]
  0x0000013405135aa0 ConcurrentGCThread "G1 Service" [stack: 0x0000002eb9800000,0x0000002eb9900000] [id=44464]

Threads with active compile tasks:
C2 CompilerThread0    26564 1628   !   4       java.util.concurrent.ConcurrentHashMap::transfer (849 bytes)
C2 CompilerThread1    26564 1635 % !   4       java.io.BufferedReader::readLine @ 139 (327 bytes)

VM state: not at safepoint (normal execution)

VM Mutex/Monitor currently owned by a thread: None

Heap address: 0x00000000fc000000, size: 64 MB, Compressed Oops mode: 32-bit

CDS archive(s) mapped at: [0x000001341f000000-0x000001341fbb0000-0x000001341fbb0000), size 12255232, SharedBaseAddress: 0x000001341f000000, ArchiveRelocationMode: 1.
Compressed class space mapped at: 0x0000013420000000-0x0000013460000000, reserved size: 1073741824
Narrow klass base: 0x000001341f000000, Narrow klass shift: 0, Narrow klass range: 0x100000000

GC Precious Log:
 CPUs: 8 total, 8 available
 Memory: 8029M
 Large Page Support: Disabled
 NUMA Support: Disabled
 Compressed Oops: Enabled (32-bit)
 Heap Region Size: 1M
 Heap Min Capacity: 64M
 Heap Initial Capacity: 64M
 Heap Max Capacity: 64M
 Pre-touch: Disabled
 Parallel Workers: 8
 Concurrent Workers: 2
 Concurrent Refinement Workers: 8
 Periodic GC: Disabled

Heap:
 garbage-first heap   total 65536K, used 31272K [0x00000000fc000000, 0x0000000100000000)
  region size 1024K, 24 young (24576K), 3 survivors (3072K)
 Metaspace       used 9660K, committed 9792K, reserved 1114112K
  class space    used 1275K, committed 1344K, reserved 1048576K

Heap Regions: E=young(eden), S=young(survivor), O=old, HS=humongous(starts), HC=humongous(continues), CS=collection set, F=free, OA=open archive, CA=closed archive, TAMS=top-at-mark-start (previous, next)
|   0|0x00000000fc000000, 0x00000000fc100000, 0x00000000fc100000|100%|HS|  |TAMS 0x00000000fc000000, 0x00000000fc000000| Complete 
|   1|0x00000000fc100000, 0x00000000fc200000, 0x00000000fc200000|100%|HC|  |TAMS 0x00000000fc100000, 0x00000000fc100000| Complete 
|   2|0x00000000fc200000, 0x00000000fc300000, 0x00000000fc300000|100%|HC|  |TAMS 0x00000000fc200000, 0x00000000fc200000| Complete 
|   3|0x00000000fc300000, 0x00000000fc400000, 0x00000000fc400000|100%|HC|  |TAMS 0x00000000fc300000, 0x00000000fc300000| Complete 
|   4|0x00000000fc400000, 0x00000000fc500000, 0x00000000fc500000|100%| O|  |TAMS 0x00000000fc400000, 0x00000000fc400000| Untracked 
|   5|0x00000000fc500000, 0x00000000fc600000, 0x00000000fc600000|100%| O|  |TAMS 0x00000000fc500000, 0x00000000fc500000| Untracked 
|   6|0x00000000fc600000, 0x00000000fc700000, 0x00000000fc700000|100%| O|  |TAMS 0x00000000fc600000, 0x00000000fc600000| Untracked 
|   7|0x00000000fc700000, 0x00000000fc78a200, 0x00000000fc800000| 53%| O|  |TAMS 0x00000000fc700000, 0x00000000fc700000| Untracked 
|   8|0x00000000fc800000, 0x00000000fc800000, 0x00000000fc900000|  0%| F|  |TAMS 0x00000000fc800000, 0x00000000fc800000| Untracked 
|   9|0x00000000fc900000, 0x00000000fc900000, 0x00000000fca00000|  0%| F|  |TAMS 0x00000000fc900000, 0x00000000fc900000| Untracked 
|  10|0x00000000fca00000, 0x00000000fca00000, 0x00000000fcb00000|  0%| F|  |TAMS 0x00000000fca00000, 0x00000000fca00000| Untracked 
|  11|0x00000000fcb00000, 0x00000000fcb00000, 0x00000000fcc00000|  0%| F|  |TAMS 0x00000000fcb00000, 0x00000000fcb00000| Untracked 
|  12|0x00000000fcc00000, 0x00000000fcc00000, 0x00000000fcd00000|  0%| F|  |TAMS 0x00000000fcc00000, 0x00000000fcc00000| Untracked 
|  13|0x00000000fcd00000, 0x00000000fcd00000, 0x00000000fce00000|  0%| F|  |TAMS 0x00000000fcd00000, 0x00000000fcd00000| Untracked 
|  14|0x00000000fce00000, 0x00000000fce00000, 0x00000000fcf00000|  0%| F|  |TAMS 0x00000000fce00000, 0x00000000fce00000| Untracked 
|  15|0x00000000fcf00000, 0x00000000fcf00000, 0x00000000fd000000|  0%| F|  |TAMS 0x00000000fcf00000, 0x00000000fcf00000| Untracked 
|  16|0x00000000fd000000, 0x00000000fd000000, 0x00000000fd100000|  0%| F|  |TAMS 0x00000000fd000000, 0x00000000fd000000| Untracked 
|  17|0x00000000fd100000, 0x00000000fd100000, 0x00000000fd200000|  0%| F|  |TAMS 0x00000000fd100000, 0x00000000fd100000| Untracked 
|  18|0x00000000fd200000, 0x00000000fd200000, 0x00000000fd300000|  0%| F|  |TAMS 0x00000000fd200000, 0x00000000fd200000| Untracked 
|  19|0x00000000fd300000, 0x00000000fd300000, 0x00000000fd400000|  0%| F|  |TAMS 0x00000000fd300000, 0x00000000fd300000| Untracked 
|  20|0x00000000fd400000, 0x00000000fd400000, 0x00000000fd500000|  0%| F|  |TAMS 0x00000000fd400000, 0x00000000fd400000| Untracked 
|  21|0x00000000fd500000, 0x00000000fd500000, 0x00000000fd600000|  0%| F|  |TAMS 0x00000000fd500000, 0x00000000fd500000| Untracked 
|  22|0x00000000fd600000, 0x00000000fd600000, 0x00000000fd700000|  0%| F|  |TAMS 0x00000000fd600000, 0x00000000fd600000| Untracked 
|  23|0x00000000fd700000, 0x00000000fd700000, 0x00000000fd800000|  0%| F|  |TAMS 0x00000000fd700000, 0x00000000fd700000| Untracked 
|  24|0x00000000fd800000, 0x00000000fd800000, 0x00000000fd900000|  0%| F|  |TAMS 0x00000000fd800000, 0x00000000fd800000| Untracked 
|  25|0x00000000fd900000, 0x00000000fd900000, 0x00000000fda00000|  0%| F|  |TAMS 0x00000000fd900000, 0x00000000fd900000| Untracked 
|  26|0x00000000fda00000, 0x00000000fda00000, 0x00000000fdb00000|  0%| F|  |TAMS 0x00000000fda00000, 0x00000000fda00000| Untracked 
|  27|0x00000000fdb00000, 0x00000000fdb00000, 0x00000000fdc00000|  0%| F|  |TAMS 0x00000000fdb00000, 0x00000000fdb00000| Untracked 
|  28|0x00000000fdc00000, 0x00000000fdc00000, 0x00000000fdd00000|  0%| F|  |TAMS 0x00000000fdc00000, 0x00000000fdc00000| Untracked 
|  29|0x00000000fdd00000, 0x00000000fdd00000, 0x00000000fde00000|  0%| F|  |TAMS 0x00000000fdd00000, 0x00000000fdd00000| Untracked 
|  30|0x00000000fde00000, 0x00000000fde00000, 0x00000000fdf00000|  0%| F|  |TAMS 0x00000000fde00000, 0x00000000fde00000| Untracked 
|  31|0x00000000fdf00000, 0x00000000fdf00000, 0x00000000fe000000|  0%| F|  |TAMS 0x00000000fdf00000, 0x00000000fdf00000| Untracked 
|  32|0x00000000fe000000, 0x00000000fe000000, 0x00000000fe100000|  0%| F|  |TAMS 0x00000000fe000000, 0x00000000fe000000| Untracked 
|  33|0x00000000fe100000, 0x00000000fe100000, 0x00000000fe200000|  0%| F|  |TAMS 0x00000000fe100000, 0x00000000fe100000| Untracked 
|  34|0x00000000fe200000, 0x00000000fe200000, 0x00000000fe300000|  0%| F|  |TAMS 0x00000000fe200000, 0x00000000fe200000| Untracked 
|  35|0x00000000fe300000, 0x00000000fe300000, 0x00000000fe400000|  0%| F|  |TAMS 0x00000000fe300000, 0x00000000fe300000| Untracked 
|  36|0x00000000fe400000, 0x00000000fe400000, 0x00000000fe500000|  0%| F|  |TAMS 0x00000000fe400000, 0x00000000fe400000| Untracked 
|  37|0x00000000fe500000, 0x00000000fe500000, 0x00000000fe600000|  0%| F|  |TAMS 0x00000000fe500000, 0x00000000fe500000| Untracked 
|  38|0x00000000fe600000, 0x00000000fe700000, 0x00000000fe700000|100%| S|CS|TAMS 0x00000000fe600000, 0x00000000fe600000| Complete 
|  39|0x00000000fe700000, 0x00000000fe800000, 0x00000000fe800000|100%| S|CS|TAMS 0x00000000fe700000, 0x00000000fe700000| Complete 
|  40|0x00000000fe800000, 0x00000000fe900000, 0x00000000fe900000|100%| S|CS|TAMS 0x00000000fe800000, 0x00000000fe800000| Complete 
|  41|0x00000000fe900000, 0x00000000fe900000, 0x00000000fea00000|  0%| F|  |TAMS 0x00000000fe900000, 0x00000000fe900000| Untracked 
|  42|0x00000000fea00000, 0x00000000fea00000, 0x00000000feb00000|  0%| F|  |TAMS 0x00000000fea00000, 0x00000000fea00000| Untracked 
|  43|0x00000000feb00000, 0x00000000febe1d40, 0x00000000fec00000| 88%| E|  |TAMS 0x00000000feb00000, 0x00000000feb00000| Complete 
|  44|0x00000000fec00000, 0x00000000fed00000, 0x00000000fed00000|100%| E|CS|TAMS 0x00000000fec00000, 0x00000000fec00000| Complete 
|  45|0x00000000fed00000, 0x00000000fee00000, 0x00000000fee00000|100%| E|CS|TAMS 0x00000000fed00000, 0x00000000fed00000| Complete 
|  46|0x00000000fee00000, 0x00000000fef00000, 0x00000000fef00000|100%| E|CS|TAMS 0x00000000fee00000, 0x00000000fee00000| Complete 
|  47|0x00000000fef00000, 0x00000000ff000000, 0x00000000ff000000|100%| E|CS|TAMS 0x00000000fef00000, 0x00000000fef00000| Complete 
|  48|0x00000000ff000000, 0x00000000ff100000, 0x00000000ff100000|100%| E|CS|TAMS 0x00000000ff000000, 0x00000000ff000000| Complete 
|  49|0x00000000ff100000, 0x00000000ff200000, 0x00000000ff200000|100%| E|CS|TAMS 0x00000000ff100000, 0x00000000ff100000| Complete 
|  50|0x00000000ff200000, 0x00000000ff300000, 0x00000000ff300000|100%| E|CS|TAMS 0x00000000ff200000, 0x00000000ff200000| Complete 
|  51|0x00000000ff300000, 0x00000000ff400000, 0x00000000ff400000|100%| E|CS|TAMS 0x00000000ff300000, 0x00000000ff300000| Complete 
|  52|0x00000000ff400000, 0x00000000ff500000, 0x00000000ff500000|100%| E|CS|TAMS 0x00000000ff400000, 0x00000000ff400000| Complete 
|  53|0x00000000ff500000, 0x00000000ff600000, 0x00000000ff600000|100%| E|CS|TAMS 0x00000000ff500000, 0x00000000ff500000| Complete 
|  54|0x00000000ff600000, 0x00000000ff700000, 0x00000000ff700000|100%| E|CS|TAMS 0x00000000ff600000, 0x00000000ff600000| Complete 
|  55|0x00000000ff700000, 0x00000000ff800000, 0x00000000ff800000|100%| E|CS|TAMS 0x00000000ff700000, 0x00000000ff700000| Complete 
|  56|0x00000000ff800000, 0x00000000ff900000, 0x00000000ff900000|100%| E|CS|TAMS 0x00000000ff800000, 0x00000000ff800000| Complete 
|  57|0x00000000ff900000, 0x00000000ffa00000, 0x00000000ffa00000|100%| E|CS|TAMS 0x00000000ff900000, 0x00000000ff900000| Complete 
|  58|0x00000000ffa00000, 0x00000000ffb00000, 0x00000000ffb00000|100%| E|CS|TAMS 0x00000000ffa00000, 0x00000000ffa00000| Complete 
|  59|0x00000000ffb00000, 0x00000000ffc00000, 0x00000000ffc00000|100%| E|CS|TAMS 0x00000000ffb00000, 0x00000000ffb00000| Complete 
|  60|0x00000000ffc00000, 0x00000000ffd00000, 0x00000000ffd00000|100%| E|CS|TAMS 0x00000000ffc00000, 0x00000000ffc00000| Complete 
|  61|0x00000000ffd00000, 0x00000000ffe00000, 0x00000000ffe00000|100%| E|CS|TAMS 0x00000000ffd00000, 0x00000000ffd00000| Complete 
|  62|0x00000000ffe00000, 0x00000000fff00000, 0x00000000fff00000|100%| E|CS|TAMS 0x00000000ffe00000, 0x00000000ffe00000| Complete 
|  63|0x00000000fff00000, 0x0000000100000000, 0x0000000100000000|100%| E|CS|TAMS 0x00000000fff00000, 0x00000000fff00000| Complete 

Card table byte_map: [0x0000013403050000,0x0000013403070000] _byte_map_base: 0x0000013402870000

Marking Bits (Prev, Next): (CMBitMap*) 0x00000134050d0e10, (CMBitMap*) 0x00000134050d0e50
 Prev Bits: [0x000001341bf10000, 0x000001341c010000)
 Next Bits: [0x000001341c010000, 0x000001341c110000)

Polling page: 0x0000013403000000

Metaspace:

Usage:
  Non-class:      8.19 MB used.
      Class:      1.25 MB used.
       Both:      9.43 MB used.

Virtual space:
  Non-class space:       64.00 MB reserved,       8.25 MB ( 13%) committed,  1 nodes.
      Class space:        1.00 GB reserved,       1.31 MB ( <1%) committed,  1 nodes.
             Both:        1.06 GB reserved,       9.56 MB ( <1%) committed. 

Chunk freelists:
   Non-Class:  7.51 MB
       Class:  14.58 MB
        Both:  22.08 MB

MaxMetaspaceSize: unlimited
CompressedClassSpaceSize: 1.00 GB
Initial GC threshold: 21.00 MB
Current GC threshold: 21.00 MB
CDS: on
MetaspaceReclaimPolicy: balanced
 - commit_granule_bytes: 65536.
 - commit_granule_words: 8192.
 - virtual_space_node_default_size: 8388608.
 - enlarge_chunks_in_place: 1.
 - new_chunks_are_fully_committed: 0.
 - uncommit_free_chunks: 1.
 - use_allocation_guard: 0.
 - handle_deallocations: 1.


Internal statistics:

num_allocs_failed_limit: 0.
num_arena_births: 86.
num_arena_deaths: 0.
num_vsnodes_births: 2.
num_vsnodes_deaths: 0.
num_space_committed: 153.
num_space_uncommitted: 0.
num_chunks_returned_to_freelist: 0.
num_chunks_taken_from_freelist: 349.
num_chunk_merges: 0.
num_chunk_splits: 239.
num_chunks_enlarged: 199.
num_inconsistent_stats: 0.

CodeHeap 'non-profiled nmethods': size=120000Kb used=624Kb max_used=624Kb free=119375Kb
 bounds [0x00000134146a0000, 0x0000013414910000, 0x000001341bbd0000]
CodeHeap 'profiled nmethods': size=120000Kb used=3103Kb max_used=3103Kb free=116896Kb
 bounds [0x000001340cbd0000, 0x000001340cee0000, 0x0000013414100000]
CodeHeap 'non-nmethods': size=5760Kb used=1175Kb max_used=1198Kb free=4585Kb
 bounds [0x0000013414100000, 0x0000013414370000, 0x00000134146a0000]
 total_blobs=2134 nmethods=1664 adapters=383
 compilation: enabled
              stopped_count=0, restarted_count=0
 full_count=0

Compilation events (20 events):
Event: 26.525 Thread 0x000001341eae4930 1642       3       java.nio.ByteBuffer::hasArray (20 bytes)
Event: 26.525 Thread 0x000001341eae4930 nmethod 1642 0x000001340cecd390 code [0x000001340cecd520, 0x000001340cecd6d8]
Event: 26.525 Thread 0x000001341eae4930 1643       3       java.nio.CharBuffer::hasArray (20 bytes)
Event: 26.525 Thread 0x000001341eae4930 nmethod 1643 0x000001340cecd790 code [0x000001340cecd920, 0x000001340cecdad8]
Event: 26.525 Thread 0x000001341eae4930 1644       3       java.nio.charset.CoderResult::isOverflow (14 bytes)
Event: 26.526 Thread 0x000001341eae4930 nmethod 1644 0x000001340cecdb90 code [0x000001340cecdd20, 0x000001340cecde98]
Event: 26.528 Thread 0x000001341eae4930 1645       3       java.lang.AbstractStringBuilder::appendChars (130 bytes)
Event: 26.529 Thread 0x000001341eae4930 nmethod 1645 0x000001340cecdf10 code [0x000001340cece100, 0x000001340cece6a8]
Event: 26.529 Thread 0x000001341eae4930 1647       3       sun.nio.cs.SingleByte::withResult (25 bytes)
Event: 26.530 Thread 0x000001341eae4930 nmethod 1647 0x000001340cece910 code [0x000001340ceceae0, 0x000001340cecef18]
Event: 26.531 Thread 0x000001341eae4930 1648   !   3       java.nio.CharBuffer::wrap (21 bytes)
Event: 26.531 Thread 0x000001341eae4930 nmethod 1648 0x000001340cecf090 code [0x000001340cecf240, 0x000001340cecf4d8]
Event: 26.531 Thread 0x000001341eae4930 1649       3       java.nio.HeapCharBuffer::<init> (23 bytes)
Event: 26.532 Thread 0x000001341eae4930 nmethod 1649 0x000001340cecf610 code [0x000001340cecf7c0, 0x000001340cecf948]
Event: 26.532 Thread 0x000001341eae4930 1650       3       java.nio.HeapByteBuffer::ix (7 bytes)
Event: 26.532 Thread 0x000001341eae4930 nmethod 1650 0x000001340cecfa10 code [0x000001340cecfba0, 0x000001340cecfcb8]
Event: 26.532 Thread 0x000001341eae4930 1651       1       java.nio.Buffer::capacity (5 bytes)
Event: 26.532 Thread 0x000001341eae4930 nmethod 1651 0x000001341473b590 code [0x000001341473b720, 0x000001341473b7f8]
Event: 26.534 Thread 0x000001341eae4930 1652       3       java.nio.CharBuffer::array (35 bytes)
Event: 26.534 Thread 0x000001341eae4930 nmethod 1652 0x000001340cecfd90 code [0x000001340cecff60, 0x000001340ced0238]

GC Heap History (2 events):
Event: 0.780 GC heap before
{Heap before GC invocations=0 (full 0):
 garbage-first heap   total 65536K, used 26624K [0x00000000fc000000, 0x0000000100000000)
  region size 1024K, 23 young (23552K), 0 survivors (0K)
 Metaspace       used 3661K, committed 3776K, reserved 1114112K
  class space    used 444K, committed 512K, reserved 1048576K
}
Event: 0.787 GC heap after
{Heap after GC invocations=1 (full 0):
 garbage-first heap   total 65536K, used 10792K [0x00000000fc000000, 0x0000000100000000)
  region size 1024K, 3 young (3072K), 3 survivors (3072K)
 Metaspace       used 3661K, committed 3776K, reserved 1114112K
  class space    used 444K, committed 512K, reserved 1048576K
}

Dll operation events (13 events):
Event: 0.014 Loaded shared library C:\Program Files\Microsoft\jdk-17.0.11.9-hotspot\bin\java.dll
Event: 0.039 Loaded shared library C:\Program Files\Microsoft\jdk-17.0.11.9-hotspot\bin\jsvml.dll
Event: 0.079 Loaded shared library C:\Program Files\Microsoft\jdk-17.0.11.9-hotspot\bin\net.dll
Event: 0.081 Loaded shared library C:\Program Files\Microsoft\jdk-17.0.11.9-hotspot\bin\nio.dll
Event: 0.083 Loaded shared library C:\Program Files\Microsoft\jdk-17.0.11.9-hotspot\bin\zip.dll
Event: 0.429 Loaded shared library C:\Program Files\Microsoft\jdk-17.0.11.9-hotspot\bin\jimage.dll
Event: 0.526 Loaded shared library C:\Program Files\Microsoft\jdk-17.0.11.9-hotspot\bin\verify.dll
Event: 0.832 Loaded shared library C:\Users\anand\.gradle\native\c067742578af261105cb4f569cf0c3c89f3d7b1fecec35dd04571415982c5e48\windows-amd64\native-platform.dll
Event: 0.850 Loaded shared library C:\Users\anand\.gradle\native\jansi\1.18\windows64\jansi.dll
Event: 0.983 Loaded shared library C:\Program Files\Microsoft\jdk-17.0.11.9-hotspot\bin\management.dll
Event: 0.987 Loaded shared library C:\Program Files\Microsoft\jdk-17.0.11.9-hotspot\bin\management_ext.dll
Event: 1.288 Loaded shared library C:\Program Files\Microsoft\jdk-17.0.11.9-hotspot\bin\extnet.dll
Event: 1.373 Loaded shared library C:\Program Files\Microsoft\jdk-17.0.11.9-hotspot\bin\sunmscapi.dll

Deoptimization events (20 events):
Event: 1.027 Thread 0x00000134050b0430 DEOPT PACKING pc=0x000001340ccd1e38 sp=0x0000002eb93fa260
Event: 1.027 Thread 0x00000134050b0430 DEOPT UNPACKING pc=0x0000013414157143 sp=0x0000002eb93f9778 mode 0
Event: 1.310 Thread 0x00000134050b0430 Uncommon trap: trap_request=0xffffff45 fr.pc=0x00000134146d8824 relative=0x0000000000000664
Event: 1.310 Thread 0x00000134050b0430 Uncommon trap: reason=unstable_if action=reinterpret pc=0x00000134146d8824 method=java.lang.AbstractStringBuilder.append(Ljava/lang/String;)Ljava/lang/AbstractStringBuilder; @ 1 c2
Event: 1.310 Thread 0x00000134050b0430 DEOPT PACKING pc=0x00000134146d8824 sp=0x0000002eb93fc700
Event: 1.310 Thread 0x00000134050b0430 DEOPT UNPACKING pc=0x00000134141569a3 sp=0x0000002eb93fc680 mode 2
Event: 1.310 Thread 0x00000134050b0430 Uncommon trap: trap_request=0xffffff45 fr.pc=0x00000134146ec5a4 relative=0x0000000000000664
Event: 1.310 Thread 0x00000134050b0430 Uncommon trap: reason=unstable_if action=reinterpret pc=0x00000134146ec5a4 method=java.lang.AbstractStringBuilder.append(Ljava/lang/String;)Ljava/lang/AbstractStringBuilder; @ 1 c2
Event: 1.310 Thread 0x00000134050b0430 DEOPT PACKING pc=0x00000134146ec5a4 sp=0x0000002eb93fc6a0
Event: 1.310 Thread 0x00000134050b0430 DEOPT UNPACKING pc=0x00000134141569a3 sp=0x0000002eb93fc688 mode 2
Event: 1.470 Thread 0x00000134050b0430 Uncommon trap: trap_request=0xffffff45 fr.pc=0x00000134146f7290 relative=0x0000000000000430
Event: 1.470 Thread 0x00000134050b0430 Uncommon trap: reason=unstable_if action=reinterpret pc=0x00000134146f7290 method=java.util.regex.Matcher.match(II)Z @ 76 c2
Event: 1.470 Thread 0x00000134050b0430 DEOPT PACKING pc=0x00000134146f7290 sp=0x0000002eb93fb970
Event: 1.470 Thread 0x00000134050b0430 DEOPT UNPACKING pc=0x00000134141569a3 sp=0x0000002eb93fb928 mode 2
Event: 26.516 Thread 0x00000134050b0430 Uncommon trap: trap_request=0xffffff45 fr.pc=0x0000013414739ee8 relative=0x00000000000005e8
Event: 26.516 Thread 0x00000134050b0430 Uncommon trap: reason=unstable_if action=reinterpret pc=0x0000013414739ee8 method=com.esotericsoftware.kryo.io.Input.require(I)I @ 180 c2
Event: 26.516 Thread 0x00000134050b0430 DEOPT PACKING pc=0x0000013414739ee8 sp=0x0000002eb93fc8d0
Event: 26.516 Thread 0x00000134050b0430 DEOPT UNPACKING pc=0x00000134141569a3 sp=0x0000002eb93fc6d0 mode 2
Event: 26.517 Thread 0x00000134050b0430 DEOPT PACKING pc=0x000001340ce00649 sp=0x0000002eb93fb7e0
Event: 26.517 Thread 0x00000134050b0430 DEOPT UNPACKING pc=0x0000013414157143 sp=0x0000002eb93facf0 mode 0

Classes unloaded (0 events):
No events

Classes redefined (0 events):
No events

Internal exceptions (20 events):
Event: 0.762 Thread 0x00000134050b0430 Exception <a 'java/lang/NoSuchMethodError'{0x00000000fe9923b8}: 'void java.lang.invoke.DirectMethodHandle$Holder.invokeStatic(java.lang.Object, java.lang.Object)'> (0x00000000fe9923b8) 
thrown [s\src\hotspot\share\interpreter\linkResolver.cpp, line 759]
Event: 0.793 Thread 0x00000134050b0430 Exception <a 'java/lang/NoClassDefFoundError'{0x00000000fff18e68}: org/slf4j/impl/StaticMarkerBinder> (0x00000000fff18e68) 
thrown [s\src\hotspot\share\classfile\systemDictionary.cpp, line 245]
Event: 0.809 Thread 0x00000134050b0430 Exception <a 'java/lang/NoSuchMethodError'{0x00000000ffff2300}: 'java.lang.Object java.lang.invoke.DirectMethodHandle$Holder.invokeVirtual(java.lang.Object, java.lang.Object, java.lang.Object, java.lang.Object, java.lang.Object, java.lang.Object, java.lang.Object)'> (0x00000000ffff2300) 
thrown [s\src\hotspot\share\interpreter\linkResolver.cpp, line 759]
Event: 0.811 Thread 0x00000134050b0430 Exception <a 'java/lang/NoSuchMethodError'{0x00000000ffe03d70}: 'java.lang.Object java.lang.invoke.Invokers$Holder.invoker(java.lang.Object, java.lang.Object, java.lang.Object)'> (0x00000000ffe03d70) 
thrown [s\src\hotspot\share\interpreter\linkResolver.cpp, line 759]
Event: 0.813 Thread 0x00000134050b0430 Exception <a 'java/lang/NoSuchMethodError'{0x00000000ffe0cf48}: 'java.lang.Object java.lang.invoke.DirectMethodHandle$Holder.invokeStatic(java.lang.Object, java.lang.Object, int)'> (0x00000000ffe0cf48) 
thrown [s\src\hotspot\share\interpreter\linkResolver.cpp, line 759]
Event: 0.814 Thread 0x00000134050b0430 Exception <a 'java/lang/NoSuchMethodError'{0x00000000ffe18c38}: 'void java.lang.invoke.DelegatingMethodHandle$Holder.delegate(java.lang.Object, java.lang.Object, int, java.lang.Object)'> (0x00000000ffe18c38) 
thrown [s\src\hotspot\share\interpreter\linkResolver.cpp, line 759]
Event: 0.815 Thread 0x00000134050b0430 Exception <a 'java/lang/NoSuchMethodError'{0x00000000ffe1ce00}: 'int java.lang.invoke.DirectMethodHandle$Holder.invokeSpecial(java.lang.Object, java.lang.Object, java.lang.Object)'> (0x00000000ffe1ce00) 
thrown [s\src\hotspot\share\interpreter\linkResolver.cpp, line 759]
Event: 0.818 Thread 0x00000134050b0430 Exception <a 'java/lang/NoSuchMethodError'{0x00000000ffe2ff48}: 'java.lang.Object java.lang.invoke.Invokers$Holder.invokeExact_MT(java.lang.Object, java.lang.Object, java.lang.Object, java.lang.Object)'> (0x00000000ffe2ff48) 
thrown [s\src\hotspot\share\interpreter\linkResolver.cpp, line 759]
Event: 0.952 Thread 0x00000134050b0430 Exception <a 'java/lang/NoSuchMethodError'{0x00000000ff8671d0}: 'void java.lang.invoke.DirectMethodHandle$Holder.invokeSpecial(java.lang.Object, java.lang.Object, java.lang.Object)'> (0x00000000ff8671d0) 
thrown [s\src\hotspot\share\interpreter\linkResolver.cpp, line 759]
Event: 0.962 Thread 0x00000134050b0430 Implicit null exception at 0x00000134146fdd8f to 0x00000134146fe2fc
Event: 0.962 Thread 0x00000134050b0430 Implicit null exception at 0x00000134146dfe0f to 0x00000134146e0378
Event: 0.982 Thread 0x00000134050b0430 Exception <a 'java/lang/NoSuchMethodError'{0x00000000ff7c3368}: 'java.lang.Object java.lang.invoke.DirectMethodHandle$Holder.invokeStaticInit(java.lang.Object)'> (0x00000000ff7c3368) 
thrown [s\src\hotspot\share\interpreter\linkResolver.cpp, line 759]
Event: 1.007 Thread 0x00000134050b0430 Exception <a 'java/lang/NoSuchMethodError'{0x00000000ff6b1190}: 'int java.lang.invoke.DirectMethodHandle$Holder.invokeVirtual(java.lang.Object, java.lang.Object, java.lang.Object)'> (0x00000000ff6b1190) 
thrown [s\src\hotspot\share\interpreter\linkResolver.cpp, line 759]
Event: 1.016 Thread 0x00000134050b0430 Exception <a 'java/lang/NoSuchMethodError'{0x00000000ff6f3878}: 'java.lang.Object java.lang.invoke.DirectMethodHandle$Holder.invokeVirtual(java.lang.Object, java.lang.Object, java.lang.Object)'> (0x00000000ff6f3878) 
thrown [s\src\hotspot\share\interpreter\linkResolver.cpp, line 759]
Event: 1.074 Thread 0x00000134050b0430 Exception <a 'java/lang/NoSuchMethodError'{0x00000000ff26c4a8}: 'java.lang.Object java.lang.invoke.DirectMethodHandle$Holder.invokeStaticInit(java.lang.Object, int, int, int, int)'> (0x00000000ff26c4a8) 
thrown [s\src\hotspot\share\interpreter\linkResolver.cpp, line 759]
Event: 1.169 Thread 0x00000134050b0430 Exception <a 'java/lang/NoSuchMethodError'{0x00000000ff2cd810}: 'java.lang.Object java.lang.invoke.DirectMethodHandle$Holder.invokeStaticInit(java.lang.Object, java.lang.Object, int, int, int, int)'> (0x00000000ff2cd810) 
thrown [s\src\hotspot\share\interpreter\linkResolver.cpp, line 759]
Event: 1.290 Thread 0x00000134050b0430 Exception <a 'java/lang/NoSuchMethodError'{0x00000000ff2fc590}: 'void java.lang.invoke.DirectMethodHandle$Holder.invokeStatic(java.lang.Object, java.lang.Object, java.lang.Object)'> (0x00000000ff2fc590) 
thrown [s\src\hotspot\share\interpreter\linkResolver.cpp, line 759]
Event: 1.310 Thread 0x00000134050b0430 Implicit null exception at 0x00000134146d81f2 to 0x00000134146d880c
Event: 1.310 Thread 0x00000134050b0430 Implicit null exception at 0x00000134146ebf72 to 0x00000134146ec58c
Event: 26.516 Thread 0x00000134050b0430 Exception <a 'sun/net/ConnectionResetException'{0x00000000fec50240}: Connection reset> (0x00000000fec50240) 
thrown [s\src\hotspot\share\prims\jni.cpp, line 535]

VM Operations (20 events):
Event: 15.768 Executing VM operation: Cleanup
Event: 15.768 Executing VM operation: Cleanup done
Event: 16.770 Executing VM operation: Cleanup
Event: 16.770 Executing VM operation: Cleanup done
Event: 17.785 Executing VM operation: Cleanup
Event: 17.785 Executing VM operation: Cleanup done
Event: 18.797 Executing VM operation: Cleanup
Event: 18.797 Executing VM operation: Cleanup done
Event: 19.801 Executing VM operation: Cleanup
Event: 19.801 Executing VM operation: Cleanup done
Event: 20.812 Executing VM operation: Cleanup
Event: 20.812 Executing VM operation: Cleanup done
Event: 21.815 Executing VM operation: Cleanup
Event: 21.815 Executing VM operation: Cleanup done
Event: 22.818 Executing VM operation: Cleanup
Event: 22.818 Executing VM operation: Cleanup done
Event: 24.834 Executing VM operation: Cleanup
Event: 24.834 Executing VM operation: Cleanup done
Event: 25.849 Executing VM operation: Cleanup
Event: 25.849 Executing VM operation: Cleanup done

Events (20 events):
Event: 24.504 loading class jdk/internal/logger/LoggerFinderLoader
Event: 24.504 loading class jdk/internal/logger/LoggerFinderLoader done
Event: 24.505 loading class jdk/internal/logger/LoggerFinderLoader$TemporaryLoggerFinder
Event: 24.505 loading class jdk/internal/logger/LoggerFinderLoader$TemporaryLoggerFinder done
Event: 24.505 loading class sun/util/logging/internal/LoggingProviderImpl$JULWrapper
Event: 24.507 loading class sun/util/logging/PlatformLogger$ConfigurableBridge$LoggerConfiguration
Event: 24.508 loading class sun/util/logging/PlatformLogger$ConfigurableBridge$LoggerConfiguration done
Event: 24.508 loading class sun/util/logging/internal/LoggingProviderImpl$JULWrapper done
Event: 24.509 loading class java/io/ObjectInputFilter
Event: 24.509 loading class java/io/ObjectInputFilter done
Event: 24.509 loading class java/io/ObjectInputFilter$Config$BuiltinFilterFactory
Event: 24.509 loading class java/io/ObjectInputFilter$Config$BuiltinFilterFactory done
Event: 24.509 loading class jdk/internal/access/JavaObjectInputFilterAccess
Event: 24.509 loading class jdk/internal/access/JavaObjectInputFilterAccess done
Event: 24.510 loading class java/lang/System$Logger$Level
Event: 24.512 loading class java/lang/System$Logger$Level done
Event: 24.512 loading class java/io/Bits
Event: 24.512 loading class java/io/Bits done
Event: 26.516 loading class sun/net/ConnectionResetException
Event: 26.516 loading class sun/net/ConnectionResetException done


Dynamic libraries:
0x00007ff66d5a0000 - 0x00007ff66d5ae000 	C:\Program Files\Microsoft\jdk-17.0.11.9-hotspot\bin\java.exe
0x00007ffe6b450000 - 0x00007ffe6b667000 	C:\WINDOWS\SYSTEM32\ntdll.dll
0x00007ffe6a370000 - 0x00007ffe6a434000 	C:\WINDOWS\System32\KERNEL32.DLL
0x00007ffe68790000 - 0x00007ffe68b36000 	C:\WINDOWS\System32\KERNELBASE.dll
0x00007ffe68ea0000 - 0x00007ffe68fb1000 	C:\WINDOWS\System32\ucrtbase.dll
0x00007ffe61990000 - 0x00007ffe619a7000 	C:\Program Files\Microsoft\jdk-17.0.11.9-hotspot\bin\jli.dll
0x00007ffe69be0000 - 0x00007ffe69d8e000 	C:\WINDOWS\System32\USER32.dll
0x00007ffe68d20000 - 0x00007ffe68d46000 	C:\WINDOWS\System32\win32u.dll
0x00007ffe6b3e0000 - 0x00007ffe6b409000 	C:\WINDOWS\System32\GDI32.dll
0x00007ffe68b40000 - 0x00007ffe68c58000 	C:\WINDOWS\System32\gdi32full.dll
0x00007ffe68d50000 - 0x00007ffe68dea000 	C:\WINDOWS\System32\msvcp_win.dll
0x00007ffe5e240000 - 0x00007ffe5e25b000 	C:\Program Files\Microsoft\jdk-17.0.11.9-hotspot\bin\VCRUNTIME140.dll
0x00007ffe50180000 - 0x00007ffe50413000 	C:\WINDOWS\WinSxS\amd64_microsoft.windows.common-controls_6595b64144ccf1df_6.0.22621.2506_none_270c5ae97388e100\COMCTL32.dll
0x00007ffe69a10000 - 0x00007ffe69ab7000 	C:\WINDOWS\System32\msvcrt.dll
0x00007ffe69300000 - 0x00007ffe69331000 	C:\WINDOWS\System32\IMM32.DLL
0x00007ffe65710000 - 0x00007ffe6571c000 	C:\Program Files\Microsoft\jdk-17.0.11.9-hotspot\bin\vcruntime140_1.dll
0x00007ffe46810000 - 0x00007ffe4689d000 	C:\Program Files\Microsoft\jdk-17.0.11.9-hotspot\bin\msvcp140.dll
0x00007ffe05bc0000 - 0x00007ffe06826000 	C:\Program Files\Microsoft\jdk-17.0.11.9-hotspot\bin\server\jvm.dll
0x00007ffe6aa10000 - 0x00007ffe6aac3000 	C:\WINDOWS\System32\ADVAPI32.dll
0x00007ffe6aad0000 - 0x00007ffe6ab78000 	C:\WINDOWS\System32\sechost.dll
0x00007ffe68df0000 - 0x00007ffe68e18000 	C:\WINDOWS\System32\bcrypt.dll
0x00007ffe6a440000 - 0x00007ffe6a557000 	C:\WINDOWS\System32\RPCRT4.dll
0x00007ffe68400000 - 0x00007ffe6844d000 	C:\WINDOWS\SYSTEM32\POWRPROF.dll
0x00007ffe63860000 - 0x00007ffe63869000 	C:\WINDOWS\SYSTEM32\WSOCK32.dll
0x00007ffe69990000 - 0x00007ffe69a01000 	C:\WINDOWS\System32\WS2_32.dll
0x00007ffe62260000 - 0x00007ffe62294000 	C:\WINDOWS\SYSTEM32\WINMM.dll
0x00007ffe62a10000 - 0x00007ffe62a1a000 	C:\WINDOWS\SYSTEM32\VERSION.dll
0x00007ffe68200000 - 0x00007ffe68213000 	C:\WINDOWS\SYSTEM32\UMPDC.dll
0x00007ffe677d0000 - 0x00007ffe677e8000 	C:\WINDOWS\SYSTEM32\kernel.appcore.dll
0x00007ffe61a60000 - 0x00007ffe61a6a000 	C:\Program Files\Microsoft\jdk-17.0.11.9-hotspot\bin\jimage.dll
0x00007ffe66390000 - 0x00007ffe665c3000 	C:\WINDOWS\SYSTEM32\DBGHELP.DLL
0x00007ffe69600000 - 0x00007ffe69989000 	C:\WINDOWS\System32\combase.dll
0x00007ffe69340000 - 0x00007ffe69417000 	C:\WINDOWS\System32\OLEAUT32.dll
0x00007ffe5ae60000 - 0x00007ffe5ae92000 	C:\WINDOWS\SYSTEM32\dbgcore.DLL
0x00007ffe68e20000 - 0x00007ffe68e9a000 	C:\WINDOWS\System32\bcryptPrimitives.dll
0x00007ffe495a0000 - 0x00007ffe495c5000 	C:\Program Files\Microsoft\jdk-17.0.11.9-hotspot\bin\java.dll
0x00007ffe44d30000 - 0x00007ffe44e07000 	C:\Program Files\Microsoft\jdk-17.0.11.9-hotspot\bin\jsvml.dll
0x00007ffe6ab80000 - 0x00007ffe6b3db000 	C:\WINDOWS\System32\SHELL32.dll
0x00007ffe665d0000 - 0x00007ffe66ec6000 	C:\WINDOWS\SYSTEM32\windows.storage.dll
0x00007ffe66250000 - 0x00007ffe6638e000 	C:\WINDOWS\SYSTEM32\wintypes.dll
0x00007ffe691a0000 - 0x00007ffe69293000 	C:\WINDOWS\System32\SHCORE.dll
0x00007ffe6a670000 - 0x00007ffe6a6ce000 	C:\WINDOWS\System32\shlwapi.dll
0x00007ffe686c0000 - 0x00007ffe686e6000 	C:\WINDOWS\SYSTEM32\profapi.dll
0x00007ffe5cd90000 - 0x00007ffe5cda9000 	C:\Program Files\Microsoft\jdk-17.0.11.9-hotspot\bin\net.dll
0x00007ffe62520000 - 0x00007ffe62657000 	C:\WINDOWS\SYSTEM32\WINHTTP.dll
0x00007ffe67c50000 - 0x00007ffe67cb9000 	C:\WINDOWS\system32\mswsock.dll
0x00007ffe51660000 - 0x00007ffe51676000 	C:\Program Files\Microsoft\jdk-17.0.11.9-hotspot\bin\nio.dll
0x00007ffe4f260000 - 0x00007ffe4f278000 	C:\Program Files\Microsoft\jdk-17.0.11.9-hotspot\bin\zip.dll
0x00007ffe65720000 - 0x00007ffe65730000 	C:\Program Files\Microsoft\jdk-17.0.11.9-hotspot\bin\verify.dll
0x00007ffe427e0000 - 0x00007ffe42807000 	C:\Users\anand\.gradle\native\c067742578af261105cb4f569cf0c3c89f3d7b1fecec35dd04571415982c5e48\windows-amd64\native-platform.dll
0x00007ffe5a960000 - 0x00007ffe5a96a000 	C:\Users\anand\.gradle\native\jansi\1.18\windows64\jansi.dll
0x00007ffe5e280000 - 0x00007ffe5e289000 	C:\Program Files\Microsoft\jdk-17.0.11.9-hotspot\bin\management.dll
0x00007ffe5c0d0000 - 0x00007ffe5c0db000 	C:\Program Files\Microsoft\jdk-17.0.11.9-hotspot\bin\management_ext.dll
0x00007ffe6a900000 - 0x00007ffe6a908000 	C:\WINDOWS\System32\PSAPI.DLL
0x00007ffe67eb0000 - 0x00007ffe67ecb000 	C:\WINDOWS\SYSTEM32\CRYPTSP.dll
0x00007ffe67730000 - 0x00007ffe67765000 	C:\WINDOWS\system32\rsaenh.dll
0x00007ffe67d40000 - 0x00007ffe67d6c000 	C:\WINDOWS\SYSTEM32\USERENV.dll
0x00007ffe67ea0000 - 0x00007ffe67eac000 	C:\WINDOWS\SYSTEM32\CRYPTBASE.dll
0x00007ffe67250000 - 0x00007ffe6727d000 	C:\WINDOWS\SYSTEM32\IPHLPAPI.DLL
0x00007ffe6a560000 - 0x00007ffe6a569000 	C:\WINDOWS\System32\NSI.dll
0x00007ffe622c0000 - 0x00007ffe622d9000 	C:\WINDOWS\SYSTEM32\dhcpcsvc6.DLL
0x00007ffe622a0000 - 0x00007ffe622bf000 	C:\WINDOWS\SYSTEM32\dhcpcsvc.DLL
0x00007ffe67280000 - 0x00007ffe67379000 	C:\WINDOWS\SYSTEM32\DNSAPI.dll
0x00007ffe52610000 - 0x00007ffe52619000 	C:\Program Files\Microsoft\jdk-17.0.11.9-hotspot\bin\extnet.dll
0x00007ffe5a9b0000 - 0x00007ffe5a9be000 	C:\Program Files\Microsoft\jdk-17.0.11.9-hotspot\bin\sunmscapi.dll
0x00007ffe68fc0000 - 0x00007ffe69126000 	C:\WINDOWS\System32\CRYPT32.dll
0x00007ffe68060000 - 0x00007ffe6808e000 	C:\WINDOWS\SYSTEM32\ncrypt.dll
0x00007ffe68020000 - 0x00007ffe68057000 	C:\WINDOWS\SYSTEM32\NTASN1.dll
0x00007ffe5aa80000 - 0x00007ffe5aa88000 	C:\WINDOWS\system32\wshunix.dll

dbghelp: loaded successfully - version: 4.0.5 - missing functions: none
symbol engine: initialized successfully - sym options: 0x614 - pdb path: .;C:\Program Files\Microsoft\jdk-17.0.11.9-hotspot\bin;C:\WINDOWS\SYSTEM32;C:\WINDOWS\WinSxS\amd64_microsoft.windows.common-controls_6595b64144ccf1df_6.0.22621.2506_none_270c5ae97388e100;C:\Program Files\Microsoft\jdk-17.0.11.9-hotspot\bin\server;C:\Users\anand\.gradle\native\c067742578af261105cb4f569cf0c3c89f3d7b1fecec35dd04571415982c5e48\windows-amd64;C:\Users\anand\.gradle\native\jansi\1.18\windows64

VM Arguments:
jvm_args: -Xmx64m -Xms64m -Dorg.gradle.appname=gradlew 
java_command: org.gradle.wrapper.GradleWrapperMain app:installDebug -PreactNativeDevServerPort=8081
java_class_path (initial): C:\Users\anand\Amaterasu\android\\gradle\wrapper\gradle-wrapper.jar
Launcher Type: SUN_STANDARD

[Global flags]
     intx CICompilerCount                          = 4                                         {product} {ergonomic}
     uint ConcGCThreads                            = 2                                         {product} {ergonomic}
     uint G1ConcRefinementThreads                  = 8                                         {product} {ergonomic}
   size_t G1HeapRegionSize                         = 1048576                                   {product} {ergonomic}
    uintx GCDrainStackTargetSize                   = 64                                        {product} {ergonomic}
   size_t InitialHeapSize                          = 67108864                                  {product} {command line}
   size_t MarkStackSize                            = 4194304                                   {product} {ergonomic}
   size_t MaxHeapSize                              = 67108864                                  {product} {command line}
   size_t MaxNewSize                               = 39845888                                  {product} {ergonomic}
   size_t MinHeapDeltaBytes                        = 1048576                                   {product} {ergonomic}
   size_t MinHeapSize                              = 67108864                                  {product} {command line}
    uintx NonNMethodCodeHeapSize                   = 5839372                                {pd product} {ergonomic}
    uintx NonProfiledCodeHeapSize                  = 122909434                              {pd product} {ergonomic}
    uintx ProfiledCodeHeapSize                     = 122909434                              {pd product} {ergonomic}
    uintx ReservedCodeCacheSize                    = 251658240                              {pd product} {ergonomic}
     bool SegmentedCodeCache                       = true                                      {product} {ergonomic}
   size_t SoftMaxHeapSize                          = 67108864                               {manageable} {ergonomic}
     bool UseCompressedClassPointers               = true                           {product lp64_product} {ergonomic}
     bool UseCompressedOops                        = true                           {product lp64_product} {ergonomic}
     bool UseG1GC                                  = true                                      {product} {ergonomic}
     bool UseLargePagesIndividualAllocation        = false                                  {pd product} {ergonomic}

Logging:
Log output configuration:
 #0: stdout all=warning uptime,level,tags
 #1: stderr all=off uptime,level,tags

Environment Variables:
JAVA_HOME=C:\Program Files\Microsoft\jdk-17.0.11.9-hotspot\
CLASSPATH=C:\Users\anand\Amaterasu\android\\gradle\wrapper\gradle-wrapper.jar
PATH=C:\Users\anand\Amaterasu\node_modules\.bin;C:\Users\anand\Amaterasu\node_modules\.bin;C:\Users\anand\node_modules\.bin;C:\Users\node_modules\.bin;C:\node_modules\.bin;C:\Users\anand\AppData\Roaming\npm\node_modules\npm\node_modules\@npmcli\run-script\lib\node-gyp-bin;C:\Program Files\Microsoft\jdk-17.0.11.9-hotspot\bin;C:\Program Files\Common Files\Oracle\Java\javapath;C:\Windows\system32;C:\Windows;C:\Windows\System32\Wbem;C:\Windows\System32\WindowsPowerShell\v1.0\;C:\Windows\System32\OpenSSH\;C:\Program Files (x86)\NVIDIA Corporation\PhysX\Common;C:\Program Files\NVIDIA Corporation\NVIDIA NvDLISR;C:\WINDOWS\system32;C:\WINDOWS;C:\WINDOWS\System32\Wbem;C:\WINDOWS\System32\WindowsPowerShell\v1.0\;C:\WINDOWS\System32\OpenSSH\;C:\MinGW\bin;C:\Program Files\Git\cmd;C:\Program Files\Git\mingw64\bin;C:\Program Files\Git\usr\bin;C:\ProgramData\chocolatey\bin;C:\Program Files\nodejs\;%LOCALAPPDATA%\Android\Sdk\platform-tools;C:\Protoc\bin;C:\Users\anand\AppData\Local\Microsoft\WindowsApps;";flutter\bin";C:\Users\anand\AppData\Local\Programs\Microsoft VS Code\bin;C:\Users\anand\AppData\Roaming\npm;
USERNAME=anand
OS=Windows_NT
PROCESSOR_IDENTIFIER=Intel64 Family 6 Model 165 Stepping 2, GenuineIntel
TMP=C:\Users\anand\AppData\Local\Temp
TEMP=C:\Users\anand\AppData\Local\Temp



Periodic native trim disabled


---------------  S Y S T E M  ---------------

OS:
 Windows 11 , 64 bit Build 22621 (10.0.22621.3085)
OS uptime: 20 days 2:32 hours

CPU: total 8 (initial active 8) (4 cores per cpu, 2 threads per core) family 6 model 165 stepping 2 microcode 0xe0, cx8, cmov, fxsr, ht, mmx, 3dnowpref, sse, sse2, sse3, ssse3, sse4.1, sse4.2, popcnt, lzcnt, tsc, tscinvbit, avx, avx2, aes, erms, clmul, bmi1, bmi2, adx, fma, vzeroupper, clflush, clflushopt
Processor Information for all 8 processors :
  Max Mhz: 2400, Current Mhz: 2400, Mhz Limit: 2400

Memory: 4k page, system-wide physical 8029M (591M free)
TotalPageFile size 32605M (AvailPageFile size 2M)
current process WorkingSet (physical memory assigned to process): 92M, peak: 93M
current process commit charge ("private bytes"): 165M, peak: 166M

vm_info: OpenJDK 64-Bit Server VM (17.0.11+9-LTS) for windows-amd64 JRE (17.0.11+9-LTS), built on Apr  9 2024 22:05:54 by "MicrosoftCorporation" with MS VC++ 16.10 / 16.11 (VS2019)

END.
