#
# There is insufficient memory for the Java Runtime Environment to continue.
# Native memory allocation (malloc) failed to allocate 54576 bytes. Error detail: Chunk::new
# Possible reasons:
#   The system is out of physical RAM or swap space
#   This process is running with CompressedOops enabled, and the Java Heap may be blocking the growth of the native heap
# Possible solutions:
#   Reduce memory load on the system
#   Increase physical memory or swap space
#   Check if swap backing store is full
#   Decrease Java heap size (-Xmx/-Xms)
#   Decrease number of Java threads
#   Decrease Java thread stack sizes (-Xss)
#   Set larger code cache with -XX:ReservedCodeCacheSize=
#   JVM is running with Unscaled Compressed Oops mode in which the Java heap is
#     placed in the first 4GB address space. The Java Heap base address is the
#     maximum limit for the native heap growth. Please use -XX:HeapBaseMinAddress
#     to set the Java Heap base and to place the Java Heap above 4GB virtual address.
# This output file may be truncated or incomplete.
#
#  Out of Memory Error (arena.cpp:191), pid=52772, tid=38256
#
# JRE version: OpenJDK Runtime Environment Microsoft-9388408 (17.0.11+9) (build 17.0.11+9-LTS)
# Java VM: OpenJDK 64-Bit Server VM Microsoft-9388408 (17.0.11+9-LTS, mixed mode, sharing, tiered, compressed oops, compressed class ptrs, g1 gc, windows-amd64)
# No core dump will be written. Minidumps are not enabled by default on client versions of Windows
#

---------------  S U M M A R Y ------------

Command Line: -Xmx64m -Xms64m -Dorg.gradle.appname=gradlew org.gradle.wrapper.GradleWrapperMain app:installDebug -PreactNativeDevServerPort=8081

Host: Intel(R) Core(TM) i5-10200H CPU @ 2.40GHz, 8 cores, 7G,  Windows 11 , 64 bit Build 22621 (10.0.22621.3085)
Time: Sat Jul 20 00:54:37 2024 India Standard Time elapsed time: 0.557618 seconds (0d 0h 0m 0s)

---------------  T H R E A D  ---------------

Current thread (0x000001c837bdd110):  JavaThread "C2 CompilerThread0" daemon [_thread_in_native, id=38256, stack(0x0000008a4b600000,0x0000008a4b700000)]


Current CompileTask:
C2:    557  516       4       java.lang.StringBuilder::append (8 bytes)

Stack: [0x0000008a4b600000,0x0000008a4b700000]
Native frames: (J=compiled Java code, j=interpreted, Vv=VM code, C=native code)
V  [jvm.dll+0x67f6d9]
V  [jvm.dll+0x83773a]
V  [jvm.dll+0x8391fe]
V  [jvm.dll+0x839863]
V  [jvm.dll+0x247fbf]
V  [jvm.dll+0xac544]
V  [jvm.dll+0xacb8c]
V  [jvm.dll+0x2af9ff]
V  [jvm.dll+0x586b27]
V  [jvm.dll+0x222f82]
V  [jvm.dll+0x22337f]
V  [jvm.dll+0x21c4d2]
V  [jvm.dll+0x219901]
V  [jvm.dll+0x1a5396]
V  [jvm.dll+0x2297cd]
V  [jvm.dll+0x22799c]
V  [jvm.dll+0x7ec8b7]
V  [jvm.dll+0x7e6cba]
V  [jvm.dll+0x67e5c5]
C  [ucrtbase.dll+0x29363]
C  [KERNEL32.DLL+0x1257d]
C  [ntdll.dll+0x5aa58]


---------------  P R O C E S S  ---------------

Threads class SMR info:
_java_thread_list=0x000001c87d13e040, length=13, elements={
0x000001c81e1c0b10, 0x000001c81e266ee0, 0x000001c81e269d80, 0x000001c837bcd360,
0x000001c837bcdf20, 0x000001c837bd08f0, 0x000001c837bd12b0, 0x000001c837bdd110,
0x000001c837be6f30, 0x000001c837bf3030, 0x000001c87d073b40, 0x000001c87d077ac0,
0x000001c87d1d2020
}

Java Threads: ( => current thread )
  0x000001c81e1c0b10 JavaThread "main" [_thread_in_Java, id=9096, stack(0x0000008a4a900000,0x0000008a4aa00000)]
  0x000001c81e266ee0 JavaThread "Reference Handler" daemon [_thread_blocked, id=4040, stack(0x0000008a4b000000,0x0000008a4b100000)]
  0x000001c81e269d80 JavaThread "Finalizer" daemon [_thread_blocked, id=8784, stack(0x0000008a4b100000,0x0000008a4b200000)]
  0x000001c837bcd360 JavaThread "Signal Dispatcher" daemon [_thread_blocked, id=47948, stack(0x0000008a4b200000,0x0000008a4b300000)]
  0x000001c837bcdf20 JavaThread "Attach Listener" daemon [_thread_blocked, id=52548, stack(0x0000008a4b300000,0x0000008a4b400000)]
  0x000001c837bd08f0 JavaThread "Service Thread" daemon [_thread_blocked, id=54148, stack(0x0000008a4b400000,0x0000008a4b500000)]
  0x000001c837bd12b0 JavaThread "Monitor Deflation Thread" daemon [_thread_blocked, id=16192, stack(0x0000008a4b500000,0x0000008a4b600000)]
=>0x000001c837bdd110 JavaThread "C2 CompilerThread0" daemon [_thread_in_native, id=38256, stack(0x0000008a4b600000,0x0000008a4b700000)]
  0x000001c837be6f30 JavaThread "C1 CompilerThread0" daemon [_thread_in_vm, id=49552, stack(0x0000008a4b700000,0x0000008a4b800000)]
  0x000001c837bf3030 JavaThread "Sweeper thread" daemon [_thread_blocked, id=52852, stack(0x0000008a4b800000,0x0000008a4b900000)]
  0x000001c87d073b40 JavaThread "Notification Thread" daemon [_thread_blocked, id=39872, stack(0x0000008a4b900000,0x0000008a4ba00000)]
  0x000001c87d077ac0 JavaThread "Common-Cleaner" daemon [_thread_blocked, id=6872, stack(0x0000008a4bb00000,0x0000008a4bc00000)]
  0x000001c87d1d2020 JavaThread "C2 CompilerThread1" daemon [_thread_blocked, id=53516, stack(0x0000008a4bc00000,0x0000008a4bd00000)]

Other Threads:
  0x000001c81e261fb0 VMThread "VM Thread" [stack: 0x0000008a4af00000,0x0000008a4b000000] [id=10328]
  0x000001c87d076640 WatcherThread [stack: 0x0000008a4ba00000,0x0000008a4bb00000] [id=2184]
  0x000001c81e1e03f0 GCTaskThread "GC Thread#0" [stack: 0x0000008a4aa00000,0x0000008a4ab00000] [id=46372]
  0x000001c81e1e3b60 ConcurrentGCThread "G1 Main Marker" [stack: 0x0000008a4ab00000,0x0000008a4ac00000] [id=54704]
  0x000001c81e1e4d20 ConcurrentGCThread "G1 Conc#0" [stack: 0x0000008a4ac00000,0x0000008a4ad00000] [id=52432]
  0x000001c81e244da0 ConcurrentGCThread "G1 Refine#0" [stack: 0x0000008a4ad00000,0x0000008a4ae00000] [id=51084]
  0x000001c81e2457d0 ConcurrentGCThread "G1 Service" [stack: 0x0000008a4ae00000,0x0000008a4af00000] [id=53844]

Threads with active compile tasks:
C2 CompilerThread0      589  516       4       java.lang.StringBuilder::append (8 bytes)

VM state: not at safepoint (normal execution)

VM Mutex/Monitor currently owned by a thread: None

Heap address: 0x00000000fc000000, size: 64 MB, Compressed Oops mode: 32-bit

CDS archive(s) mapped at: [0x000001c838000000-0x000001c838bb0000-0x000001c838bb0000), size 12255232, SharedBaseAddress: 0x000001c838000000, ArchiveRelocationMode: 1.
Compressed class space mapped at: 0x000001c839000000-0x000001c879000000, reserved size: 1073741824
Narrow klass base: 0x000001c838000000, Narrow klass shift: 0, Narrow klass range: 0x100000000

GC Precious Log:
 CPUs: 8 total, 8 available
 Memory: 8029M
 Large Page Support: Disabled
 NUMA Support: Disabled
 Compressed Oops: Enabled (32-bit)
 Heap Region Size: 1M
 Heap Min Capacity: 64M
 Heap Initial Capacity: 64M
 Heap Max Capacity: 64M
 Pre-touch: Disabled
 Parallel Workers: 8
 Concurrent Workers: 2
 Concurrent Refinement Workers: 8
 Periodic GC: Disabled

Heap:
 garbage-first heap   total 65536K, used 12288K [0x00000000fc000000, 0x0000000100000000)
  region size 1024K, 14 young (14336K), 0 survivors (0K)
 Metaspace       used 1823K, committed 1920K, reserved 1114112K
  class space    used 167K, committed 192K, reserved 1048576K

Heap Regions: E=young(eden), S=young(survivor), O=old, HS=humongous(starts), HC=humongous(continues), CS=collection set, F=free, OA=open archive, CA=closed archive, TAMS=top-at-mark-start (previous, next)
|   0|0x00000000fc000000, 0x00000000fc000000, 0x00000000fc100000|  0%| F|  |TAMS 0x00000000fc000000, 0x00000000fc000000| Untracked 
|   1|0x00000000fc100000, 0x00000000fc100000, 0x00000000fc200000|  0%| F|  |TAMS 0x00000000fc100000, 0x00000000fc100000| Untracked 
|   2|0x00000000fc200000, 0x00000000fc200000, 0x00000000fc300000|  0%| F|  |TAMS 0x00000000fc200000, 0x00000000fc200000| Untracked 
|   3|0x00000000fc300000, 0x00000000fc300000, 0x00000000fc400000|  0%| F|  |TAMS 0x00000000fc300000, 0x00000000fc300000| Untracked 
|   4|0x00000000fc400000, 0x00000000fc400000, 0x00000000fc500000|  0%| F|  |TAMS 0x00000000fc400000, 0x00000000fc400000| Untracked 
|   5|0x00000000fc500000, 0x00000000fc500000, 0x00000000fc600000|  0%| F|  |TAMS 0x00000000fc500000, 0x00000000fc500000| Untracked 
|   6|0x00000000fc600000, 0x00000000fc600000, 0x00000000fc700000|  0%| F|  |TAMS 0x00000000fc600000, 0x00000000fc600000| Untracked 
|   7|0x00000000fc700000, 0x00000000fc700000, 0x00000000fc800000|  0%| F|  |TAMS 0x00000000fc700000, 0x00000000fc700000| Untracked 
|   8|0x00000000fc800000, 0x00000000fc800000, 0x00000000fc900000|  0%| F|  |TAMS 0x00000000fc800000, 0x00000000fc800000| Untracked 
|   9|0x00000000fc900000, 0x00000000fc900000, 0x00000000fca00000|  0%| F|  |TAMS 0x00000000fc900000, 0x00000000fc900000| Untracked 
|  10|0x00000000fca00000, 0x00000000fca00000, 0x00000000fcb00000|  0%| F|  |TAMS 0x00000000fca00000, 0x00000000fca00000| Untracked 
|  11|0x00000000fcb00000, 0x00000000fcb00000, 0x00000000fcc00000|  0%| F|  |TAMS 0x00000000fcb00000, 0x00000000fcb00000| Untracked 
|  12|0x00000000fcc00000, 0x00000000fcc00000, 0x00000000fcd00000|  0%| F|  |TAMS 0x00000000fcc00000, 0x00000000fcc00000| Untracked 
|  13|0x00000000fcd00000, 0x00000000fcd00000, 0x00000000fce00000|  0%| F|  |TAMS 0x00000000fcd00000, 0x00000000fcd00000| Untracked 
|  14|0x00000000fce00000, 0x00000000fce00000, 0x00000000fcf00000|  0%| F|  |TAMS 0x00000000fce00000, 0x00000000fce00000| Untracked 
|  15|0x00000000fcf00000, 0x00000000fcf00000, 0x00000000fd000000|  0%| F|  |TAMS 0x00000000fcf00000, 0x00000000fcf00000| Untracked 
|  16|0x00000000fd000000, 0x00000000fd000000, 0x00000000fd100000|  0%| F|  |TAMS 0x00000000fd000000, 0x00000000fd000000| Untracked 
|  17|0x00000000fd100000, 0x00000000fd100000, 0x00000000fd200000|  0%| F|  |TAMS 0x00000000fd100000, 0x00000000fd100000| Untracked 
|  18|0x00000000fd200000, 0x00000000fd200000, 0x00000000fd300000|  0%| F|  |TAMS 0x00000000fd200000, 0x00000000fd200000| Untracked 
|  19|0x00000000fd300000, 0x00000000fd300000, 0x00000000fd400000|  0%| F|  |TAMS 0x00000000fd300000, 0x00000000fd300000| Untracked 
|  20|0x00000000fd400000, 0x00000000fd400000, 0x00000000fd500000|  0%| F|  |TAMS 0x00000000fd400000, 0x00000000fd400000| Untracked 
|  21|0x00000000fd500000, 0x00000000fd500000, 0x00000000fd600000|  0%| F|  |TAMS 0x00000000fd500000, 0x00000000fd500000| Untracked 
|  22|0x00000000fd600000, 0x00000000fd600000, 0x00000000fd700000|  0%| F|  |TAMS 0x00000000fd600000, 0x00000000fd600000| Untracked 
|  23|0x00000000fd700000, 0x00000000fd700000, 0x00000000fd800000|  0%| F|  |TAMS 0x00000000fd700000, 0x00000000fd700000| Untracked 
|  24|0x00000000fd800000, 0x00000000fd800000, 0x00000000fd900000|  0%| F|  |TAMS 0x00000000fd800000, 0x00000000fd800000| Untracked 
|  25|0x00000000fd900000, 0x00000000fd900000, 0x00000000fda00000|  0%| F|  |TAMS 0x00000000fd900000, 0x00000000fd900000| Untracked 
|  26|0x00000000fda00000, 0x00000000fda00000, 0x00000000fdb00000|  0%| F|  |TAMS 0x00000000fda00000, 0x00000000fda00000| Untracked 
|  27|0x00000000fdb00000, 0x00000000fdb00000, 0x00000000fdc00000|  0%| F|  |TAMS 0x00000000fdb00000, 0x00000000fdb00000| Untracked 
|  28|0x00000000fdc00000, 0x00000000fdc00000, 0x00000000fdd00000|  0%| F|  |TAMS 0x00000000fdc00000, 0x00000000fdc00000| Untracked 
|  29|0x00000000fdd00000, 0x00000000fdd00000, 0x00000000fde00000|  0%| F|  |TAMS 0x00000000fdd00000, 0x00000000fdd00000| Untracked 
|  30|0x00000000fde00000, 0x00000000fde00000, 0x00000000fdf00000|  0%| F|  |TAMS 0x00000000fde00000, 0x00000000fde00000| Untracked 
|  31|0x00000000fdf00000, 0x00000000fdf00000, 0x00000000fe000000|  0%| F|  |TAMS 0x00000000fdf00000, 0x00000000fdf00000| Untracked 
|  32|0x00000000fe000000, 0x00000000fe000000, 0x00000000fe100000|  0%| F|  |TAMS 0x00000000fe000000, 0x00000000fe000000| Untracked 
|  33|0x00000000fe100000, 0x00000000fe100000, 0x00000000fe200000|  0%| F|  |TAMS 0x00000000fe100000, 0x00000000fe100000| Untracked 
|  34|0x00000000fe200000, 0x00000000fe200000, 0x00000000fe300000|  0%| F|  |TAMS 0x00000000fe200000, 0x00000000fe200000| Untracked 
|  35|0x00000000fe300000, 0x00000000fe300000, 0x00000000fe400000|  0%| F|  |TAMS 0x00000000fe300000, 0x00000000fe300000| Untracked 
|  36|0x00000000fe400000, 0x00000000fe400000, 0x00000000fe500000|  0%| F|  |TAMS 0x00000000fe400000, 0x00000000fe400000| Untracked 
|  37|0x00000000fe500000, 0x00000000fe500000, 0x00000000fe600000|  0%| F|  |TAMS 0x00000000fe500000, 0x00000000fe500000| Untracked 
|  38|0x00000000fe600000, 0x00000000fe600000, 0x00000000fe700000|  0%| F|  |TAMS 0x00000000fe600000, 0x00000000fe600000| Untracked 
|  39|0x00000000fe700000, 0x00000000fe700000, 0x00000000fe800000|  0%| F|  |TAMS 0x00000000fe700000, 0x00000000fe700000| Untracked 
|  40|0x00000000fe800000, 0x00000000fe800000, 0x00000000fe900000|  0%| F|  |TAMS 0x00000000fe800000, 0x00000000fe800000| Untracked 
|  41|0x00000000fe900000, 0x00000000fe900000, 0x00000000fea00000|  0%| F|  |TAMS 0x00000000fe900000, 0x00000000fe900000| Untracked 
|  42|0x00000000fea00000, 0x00000000fea00000, 0x00000000feb00000|  0%| F|  |TAMS 0x00000000fea00000, 0x00000000fea00000| Untracked 
|  43|0x00000000feb00000, 0x00000000feb00000, 0x00000000fec00000|  0%| F|  |TAMS 0x00000000feb00000, 0x00000000feb00000| Untracked 
|  44|0x00000000fec00000, 0x00000000fec00000, 0x00000000fed00000|  0%| F|  |TAMS 0x00000000fec00000, 0x00000000fec00000| Untracked 
|  45|0x00000000fed00000, 0x00000000fed00000, 0x00000000fee00000|  0%| F|  |TAMS 0x00000000fed00000, 0x00000000fed00000| Untracked 
|  46|0x00000000fee00000, 0x00000000fee00000, 0x00000000fef00000|  0%| F|  |TAMS 0x00000000fee00000, 0x00000000fee00000| Untracked 
|  47|0x00000000fef00000, 0x00000000fef00000, 0x00000000ff000000|  0%| F|  |TAMS 0x00000000fef00000, 0x00000000fef00000| Untracked 
|  48|0x00000000ff000000, 0x00000000ff000000, 0x00000000ff100000|  0%| F|  |TAMS 0x00000000ff000000, 0x00000000ff000000| Untracked 
|  49|0x00000000ff100000, 0x00000000ff100000, 0x00000000ff200000|  0%| F|  |TAMS 0x00000000ff100000, 0x00000000ff100000| Untracked 
|  50|0x00000000ff200000, 0x00000000ff2a8c78, 0x00000000ff300000| 65%| E|  |TAMS 0x00000000ff200000, 0x00000000ff200000| Complete 
|  51|0x00000000ff300000, 0x00000000ff400000, 0x00000000ff400000|100%| E|  |TAMS 0x00000000ff300000, 0x00000000ff300000| Complete 
|  52|0x00000000ff400000, 0x00000000ff500000, 0x00000000ff500000|100%| E|CS|TAMS 0x00000000ff400000, 0x00000000ff400000| Complete 
|  53|0x00000000ff500000, 0x00000000ff600000, 0x00000000ff600000|100%| E|CS|TAMS 0x00000000ff500000, 0x00000000ff500000| Complete 
|  54|0x00000000ff600000, 0x00000000ff700000, 0x00000000ff700000|100%| E|CS|TAMS 0x00000000ff600000, 0x00000000ff600000| Complete 
|  55|0x00000000ff700000, 0x00000000ff800000, 0x00000000ff800000|100%| E|CS|TAMS 0x00000000ff700000, 0x00000000ff700000| Complete 
|  56|0x00000000ff800000, 0x00000000ff900000, 0x00000000ff900000|100%| E|CS|TAMS 0x00000000ff800000, 0x00000000ff800000| Complete 
|  57|0x00000000ff900000, 0x00000000ffa00000, 0x00000000ffa00000|100%| E|CS|TAMS 0x00000000ff900000, 0x00000000ff900000| Complete 
|  58|0x00000000ffa00000, 0x00000000ffb00000, 0x00000000ffb00000|100%| E|CS|TAMS 0x00000000ffa00000, 0x00000000ffa00000| Complete 
|  59|0x00000000ffb00000, 0x00000000ffc00000, 0x00000000ffc00000|100%| E|CS|TAMS 0x00000000ffb00000, 0x00000000ffb00000| Complete 
|  60|0x00000000ffc00000, 0x00000000ffd00000, 0x00000000ffd00000|100%| E|CS|TAMS 0x00000000ffc00000, 0x00000000ffc00000| Complete 
|  61|0x00000000ffd00000, 0x00000000ffe00000, 0x00000000ffe00000|100%| E|CS|TAMS 0x00000000ffd00000, 0x00000000ffd00000| Complete 
|  62|0x00000000ffe00000, 0x00000000fff00000, 0x00000000fff00000|100%| E|CS|TAMS 0x00000000ffe00000, 0x00000000ffe00000| Complete 
|  63|0x00000000fff00000, 0x0000000100000000, 0x0000000100000000|100%| E|CS|TAMS 0x00000000fff00000, 0x00000000fff00000| Complete 

Card table byte_map: [0x000001c81e0f0000,0x000001c81e110000] _byte_map_base: 0x000001c81d910000

Marking Bits (Prev, Next): (CMBitMap*) 0x000001c81e1e0a10, (CMBitMap*) 0x000001c81e1e0a50
 Prev Bits: [0x000001c835020000, 0x000001c835120000)
 Next Bits: [0x000001c835120000, 0x000001c835220000)

Polling page: 0x000001c81d970000

Metaspace:

Usage:
  Non-class:      1.62 MB used.
      Class:    167.57 KB used.
       Both:      1.78 MB used.

Virtual space:
  Non-class space:       64.00 MB reserved,       1.69 MB (  3%) committed,  1 nodes.
      Class space:        1.00 GB reserved,     192.00 KB ( <1%) committed,  1 nodes.
             Both:        1.06 GB reserved,       1.88 MB ( <1%) committed. 

Chunk freelists:
   Non-Class:  11.66 MB
       Class:  15.69 MB
        Both:  27.35 MB

MaxMetaspaceSize: unlimited
CompressedClassSpaceSize: 1.00 GB
Initial GC threshold: 21.00 MB
Current GC threshold: 21.00 MB
CDS: on
MetaspaceReclaimPolicy: balanced
 - commit_granule_bytes: 65536.
 - commit_granule_words: 8192.
 - virtual_space_node_default_size: 8388608.
 - enlarge_chunks_in_place: 1.
 - new_chunks_are_fully_committed: 0.
 - uncommit_free_chunks: 1.
 - use_allocation_guard: 0.
 - handle_deallocations: 1.


Internal statistics:

num_allocs_failed_limit: 0.
num_arena_births: 14.
num_arena_deaths: 0.
num_vsnodes_births: 2.
num_vsnodes_deaths: 0.
num_space_committed: 30.
num_space_uncommitted: 0.
num_chunks_returned_to_freelist: 0.
num_chunks_taken_from_freelist: 47.
num_chunk_merges: 0.
num_chunk_splits: 24.
num_chunks_enlarged: 18.
num_inconsistent_stats: 0.

CodeHeap 'non-profiled nmethods': size=120000Kb used=190Kb max_used=190Kb free=119809Kb
 bounds [0x000001c82d7b0000, 0x000001c82da20000, 0x000001c834ce0000]
CodeHeap 'profiled nmethods': size=120000Kb used=891Kb max_used=891Kb free=119108Kb
 bounds [0x000001c825ce0000, 0x000001c825f50000, 0x000001c82d210000]
CodeHeap 'non-nmethods': size=5760Kb used=1121Kb max_used=1144Kb free=4638Kb
 bounds [0x000001c82d210000, 0x000001c82d480000, 0x000001c82d7b0000]
 total_blobs=951 nmethods=549 adapters=315
 compilation: enabled
              stopped_count=0, restarted_count=0
 full_count=0

Compilation events (20 events):
Event: 0.547 Thread 0x000001c87d1d2020  477       4       java.lang.String::indexOf (7 bytes)
Event: 0.547 Thread 0x000001c837bdd110 nmethod 479 0x000001c82d7d9a90 code [0x000001c82d7d9c00, 0x000001c82d7d9cf8]
Event: 0.547 Thread 0x000001c837bdd110  505       4       java.util.zip.ZipUtils::CENEXT (9 bytes)
Event: 0.547 Thread 0x000001c837be6f30  511   !   3       jdk.internal.loader.URLClassPath$JarLoader::ensureOpen (36 bytes)
Event: 0.547 Thread 0x000001c837be6f30 nmethod 511 0x000001c825da8c10 code [0x000001c825da8de0, 0x000001c825da9218]
Event: 0.547 Thread 0x000001c837be6f30  512   !   3       java.net.URL::<init> (543 bytes)
Event: 0.548 Thread 0x000001c837bdd110 nmethod 505 0x000001c82d7d9e10 code [0x000001c82d7d9f80, 0x000001c82d7da038]
Event: 0.548 Thread 0x000001c837bdd110  502       4       java.util.zip.ZipUtils::CENNAM (9 bytes)
Event: 0.549 Thread 0x000001c87d1d2020 nmethod 477 0x000001c82d7da110 code [0x000001c82d7da280, 0x000001c82d7da458]
Event: 0.549 Thread 0x000001c87d1d2020  503       4       java.util.zip.ZipUtils::CENHOW (9 bytes)
Event: 0.549 Thread 0x000001c837bdd110 nmethod 502 0x000001c82d7da590 code [0x000001c82d7da700, 0x000001c82d7da7b8]
Event: 0.549 Thread 0x000001c837bdd110  504       4       java.util.zip.ZipUtils::CENFLG (9 bytes)
Event: 0.549 Thread 0x000001c87d1d2020 nmethod 503 0x000001c82d7da890 code [0x000001c82d7daa00, 0x000001c82d7daab8]
Event: 0.549 Thread 0x000001c87d1d2020  465       4       java.util.HashMap::put (13 bytes)
Event: 0.550 Thread 0x000001c837bdd110 nmethod 504 0x000001c82d7db010 code [0x000001c82d7db180, 0x000001c82d7db238]
Event: 0.550 Thread 0x000001c837bdd110  516       4       java.lang.StringBuilder::append (8 bytes)
Event: 0.552 Thread 0x000001c87d1d2020 nmethod 465 0x000001c82d7db310 code [0x000001c82d7db4a0, 0x000001c82d7db5e8]
Event: 0.552 Thread 0x000001c87d1d2020  517       4       java.io.WinNTFileSystem::isSlash (18 bytes)
Event: 0.552 Thread 0x000001c87d1d2020 nmethod 517 0x000001c82d7db710 code [0x000001c82d7db880, 0x000001c82d7db918]
Event: 0.552 Thread 0x000001c87d1d2020  518       4       java.lang.AbstractStringBuilder::append (77 bytes)

GC Heap History (0 events):
No events

Dll operation events (6 events):
Event: 0.030 Loaded shared library C:\Program Files\Microsoft\jdk-17.0.11.9-hotspot\bin\java.dll
Event: 0.089 Loaded shared library C:\Program Files\Microsoft\jdk-17.0.11.9-hotspot\bin\jsvml.dll
Event: 0.147 Loaded shared library C:\Program Files\Microsoft\jdk-17.0.11.9-hotspot\bin\net.dll
Event: 0.149 Loaded shared library C:\Program Files\Microsoft\jdk-17.0.11.9-hotspot\bin\nio.dll
Event: 0.153 Loaded shared library C:\Program Files\Microsoft\jdk-17.0.11.9-hotspot\bin\zip.dll
Event: 0.523 Loaded shared library C:\Program Files\Microsoft\jdk-17.0.11.9-hotspot\bin\jimage.dll

Deoptimization events (20 events):
Event: 0.256 Thread 0x000001c81e1c0b10 DEOPT PACKING pc=0x000001c825cf8ce7 sp=0x0000008a4a9fc660
Event: 0.256 Thread 0x000001c81e1c0b10 DEOPT UNPACKING pc=0x000001c82d267143 sp=0x0000008a4a9fba80 mode 0
Event: 0.348 Thread 0x000001c81e1c0b10 DEOPT PACKING pc=0x000001c825d0e2fe sp=0x0000008a4a9fd5a0
Event: 0.348 Thread 0x000001c81e1c0b10 DEOPT UNPACKING pc=0x000001c82d267143 sp=0x0000008a4a9fca10 mode 0
Event: 0.348 Thread 0x000001c81e1c0b10 DEOPT PACKING pc=0x000001c825d0e2fe sp=0x0000008a4a9fd5a0
Event: 0.348 Thread 0x000001c81e1c0b10 DEOPT UNPACKING pc=0x000001c82d267143 sp=0x0000008a4a9fca10 mode 0
Event: 0.360 Thread 0x000001c81e1c0b10 DEOPT PACKING pc=0x000001c825d3b4be sp=0x0000008a4a9fd300
Event: 0.360 Thread 0x000001c81e1c0b10 DEOPT UNPACKING pc=0x000001c82d267143 sp=0x0000008a4a9fc778 mode 0
Event: 0.361 Thread 0x000001c81e1c0b10 DEOPT PACKING pc=0x000001c825d3b4be sp=0x0000008a4a9fd300
Event: 0.361 Thread 0x000001c81e1c0b10 DEOPT UNPACKING pc=0x000001c82d267143 sp=0x0000008a4a9fc778 mode 0
Event: 0.364 Thread 0x000001c81e1c0b10 DEOPT PACKING pc=0x000001c825d3b4be sp=0x0000008a4a9fd300
Event: 0.364 Thread 0x000001c81e1c0b10 DEOPT UNPACKING pc=0x000001c82d267143 sp=0x0000008a4a9fc778 mode 0
Event: 0.365 Thread 0x000001c81e1c0b10 DEOPT PACKING pc=0x000001c825d3b4be sp=0x0000008a4a9fd300
Event: 0.365 Thread 0x000001c81e1c0b10 DEOPT UNPACKING pc=0x000001c82d267143 sp=0x0000008a4a9fc778 mode 0
Event: 0.410 Thread 0x000001c81e1c0b10 DEOPT PACKING pc=0x000001c825d34572 sp=0x0000008a4a9fd2c0
Event: 0.410 Thread 0x000001c81e1c0b10 DEOPT UNPACKING pc=0x000001c82d267143 sp=0x0000008a4a9fc780 mode 0
Event: 0.542 Thread 0x000001c81e1c0b10 Uncommon trap: trap_request=0xffffff45 fr.pc=0x000001c82d7cefb0 relative=0x00000000000005f0
Event: 0.542 Thread 0x000001c81e1c0b10 Uncommon trap: reason=unstable_if action=reinterpret pc=0x000001c82d7cefb0 method=java.util.zip.ZipFile$Source.checkAndAddEntry(II)I @ 50 c2
Event: 0.542 Thread 0x000001c81e1c0b10 DEOPT PACKING pc=0x000001c82d7cefb0 sp=0x0000008a4a9fcd30
Event: 0.542 Thread 0x000001c81e1c0b10 DEOPT UNPACKING pc=0x000001c82d2669a3 sp=0x0000008a4a9fcca0 mode 2

Classes unloaded (0 events):
No events

Classes redefined (0 events):
No events

Internal exceptions (1 events):
Event: 0.255 Thread 0x000001c81e1c0b10 Exception <a 'java/lang/NoSuchMethodError'{0x00000000ffc750a0}: 'int java.lang.invoke.DirectMethodHandle$Holder.invokeStaticInit(java.lang.Object, java.lang.Object)'> (0x00000000ffc750a0) 
thrown [s\src\hotspot\share\interpreter\linkResolver.cpp, line 759]

VM Operations (2 events):
Event: 0.154 Executing VM operation: HandshakeAllThreads
Event: 0.154 Executing VM operation: HandshakeAllThreads done

Events (20 events):
Event: 0.239 loading class java/util/Vector done
Event: 0.239 loading class java/io/FilePermissionCollection$1
Event: 0.239 loading class java/io/FilePermissionCollection$1 done
Event: 0.240 loading class sun/security/util/ManifestEntryVerifier
Event: 0.240 loading class sun/security/util/ManifestEntryVerifier done
Event: 0.257 loading class java/net/MalformedURLException
Event: 0.257 loading class java/net/MalformedURLException done
Event: 0.259 loading class java/io/FileFilter
Event: 0.259 loading class java/io/FileFilter done
Event: 0.328 loading class java/util/AbstractList$Itr
Event: 0.328 loading class java/util/AbstractList$Itr done
Event: 0.344 loading class java/lang/invoke/DirectMethodHandle$Special
Event: 0.344 loading class java/lang/invoke/DirectMethodHandle$Special done
Event: 0.543 loading class java/io/BufferedReader
Event: 0.544 loading class java/io/BufferedReader done
Event: 0.544 loading class sun/nio/cs/StreamDecoder
Event: 0.544 loading class sun/nio/cs/StreamDecoder done
Event: 0.545 loading class sun/nio/cs/UTF_8$Decoder
Event: 0.545 loading class sun/nio/cs/UTF_8$Decoder done
Event: 0.547 Thread 0x000001c87d1d2020 Thread added: 0x000001c87d1d2020


Dynamic libraries:
0x00007ff66d5a0000 - 0x00007ff66d5ae000 	C:\Program Files\Microsoft\jdk-17.0.11.9-hotspot\bin\java.exe
0x00007ffe6b450000 - 0x00007ffe6b667000 	C:\WINDOWS\SYSTEM32\ntdll.dll
0x00007ffe6a370000 - 0x00007ffe6a434000 	C:\WINDOWS\System32\KERNEL32.DLL
0x00007ffe68790000 - 0x00007ffe68b36000 	C:\WINDOWS\System32\KERNELBASE.dll
0x00007ffe68ea0000 - 0x00007ffe68fb1000 	C:\WINDOWS\System32\ucrtbase.dll
0x00007ffe5e240000 - 0x00007ffe5e25b000 	C:\Program Files\Microsoft\jdk-17.0.11.9-hotspot\bin\VCRUNTIME140.dll
0x00007ffe61990000 - 0x00007ffe619a7000 	C:\Program Files\Microsoft\jdk-17.0.11.9-hotspot\bin\jli.dll
0x00007ffe69be0000 - 0x00007ffe69d8e000 	C:\WINDOWS\System32\USER32.dll
0x00007ffe50180000 - 0x00007ffe50413000 	C:\WINDOWS\WinSxS\amd64_microsoft.windows.common-controls_6595b64144ccf1df_6.0.22621.2506_none_270c5ae97388e100\COMCTL32.dll
0x00007ffe68d20000 - 0x00007ffe68d46000 	C:\WINDOWS\System32\win32u.dll
0x00007ffe69a10000 - 0x00007ffe69ab7000 	C:\WINDOWS\System32\msvcrt.dll
0x00007ffe6b3e0000 - 0x00007ffe6b409000 	C:\WINDOWS\System32\GDI32.dll
0x00007ffe68b40000 - 0x00007ffe68c58000 	C:\WINDOWS\System32\gdi32full.dll
0x00007ffe68d50000 - 0x00007ffe68dea000 	C:\WINDOWS\System32\msvcp_win.dll
0x00007ffe69300000 - 0x00007ffe69331000 	C:\WINDOWS\System32\IMM32.DLL
0x00007ffe65710000 - 0x00007ffe6571c000 	C:\Program Files\Microsoft\jdk-17.0.11.9-hotspot\bin\vcruntime140_1.dll
0x00007ffe46810000 - 0x00007ffe4689d000 	C:\Program Files\Microsoft\jdk-17.0.11.9-hotspot\bin\msvcp140.dll
0x00007ffe05bc0000 - 0x00007ffe06826000 	C:\Program Files\Microsoft\jdk-17.0.11.9-hotspot\bin\server\jvm.dll
0x00007ffe6aa10000 - 0x00007ffe6aac3000 	C:\WINDOWS\System32\ADVAPI32.dll
0x00007ffe6aad0000 - 0x00007ffe6ab78000 	C:\WINDOWS\System32\sechost.dll
0x00007ffe68df0000 - 0x00007ffe68e18000 	C:\WINDOWS\System32\bcrypt.dll
0x00007ffe6a440000 - 0x00007ffe6a557000 	C:\WINDOWS\System32\RPCRT4.dll
0x00007ffe68400000 - 0x00007ffe6844d000 	C:\WINDOWS\SYSTEM32\POWRPROF.dll
0x00007ffe62260000 - 0x00007ffe62294000 	C:\WINDOWS\SYSTEM32\WINMM.dll
0x00007ffe63860000 - 0x00007ffe63869000 	C:\WINDOWS\SYSTEM32\WSOCK32.dll
0x00007ffe62a10000 - 0x00007ffe62a1a000 	C:\WINDOWS\SYSTEM32\VERSION.dll
0x00007ffe69990000 - 0x00007ffe69a01000 	C:\WINDOWS\System32\WS2_32.dll
0x00007ffe68200000 - 0x00007ffe68213000 	C:\WINDOWS\SYSTEM32\UMPDC.dll
0x00007ffe677d0000 - 0x00007ffe677e8000 	C:\WINDOWS\SYSTEM32\kernel.appcore.dll
0x00007ffe61a60000 - 0x00007ffe61a6a000 	C:\Program Files\Microsoft\jdk-17.0.11.9-hotspot\bin\jimage.dll
0x00007ffe66390000 - 0x00007ffe665c3000 	C:\WINDOWS\SYSTEM32\DBGHELP.DLL
0x00007ffe69600000 - 0x00007ffe69989000 	C:\WINDOWS\System32\combase.dll
0x00007ffe69340000 - 0x00007ffe69417000 	C:\WINDOWS\System32\OLEAUT32.dll
0x00007ffe5ae60000 - 0x00007ffe5ae92000 	C:\WINDOWS\SYSTEM32\dbgcore.DLL
0x00007ffe68e20000 - 0x00007ffe68e9a000 	C:\WINDOWS\System32\bcryptPrimitives.dll
0x00007ffe495a0000 - 0x00007ffe495c5000 	C:\Program Files\Microsoft\jdk-17.0.11.9-hotspot\bin\java.dll
0x00007ffe44d30000 - 0x00007ffe44e07000 	C:\Program Files\Microsoft\jdk-17.0.11.9-hotspot\bin\jsvml.dll
0x00007ffe6ab80000 - 0x00007ffe6b3db000 	C:\WINDOWS\System32\SHELL32.dll
0x00007ffe665d0000 - 0x00007ffe66ec6000 	C:\WINDOWS\SYSTEM32\windows.storage.dll
0x00007ffe66250000 - 0x00007ffe6638e000 	C:\WINDOWS\SYSTEM32\wintypes.dll
0x00007ffe691a0000 - 0x00007ffe69293000 	C:\WINDOWS\System32\SHCORE.dll
0x00007ffe6a670000 - 0x00007ffe6a6ce000 	C:\WINDOWS\System32\shlwapi.dll
0x00007ffe686c0000 - 0x00007ffe686e6000 	C:\WINDOWS\SYSTEM32\profapi.dll
0x00007ffe5cd90000 - 0x00007ffe5cda9000 	C:\Program Files\Microsoft\jdk-17.0.11.9-hotspot\bin\net.dll
0x00007ffe62520000 - 0x00007ffe62657000 	C:\WINDOWS\SYSTEM32\WINHTTP.dll
0x00007ffe67c50000 - 0x00007ffe67cb9000 	C:\WINDOWS\system32\mswsock.dll
0x00007ffe51660000 - 0x00007ffe51676000 	C:\Program Files\Microsoft\jdk-17.0.11.9-hotspot\bin\nio.dll
0x00007ffe4f260000 - 0x00007ffe4f278000 	C:\Program Files\Microsoft\jdk-17.0.11.9-hotspot\bin\zip.dll

dbghelp: loaded successfully - version: 4.0.5 - missing functions: none
symbol engine: initialized successfully - sym options: 0x614 - pdb path: .;C:\Program Files\Microsoft\jdk-17.0.11.9-hotspot\bin;C:\WINDOWS\SYSTEM32;C:\WINDOWS\WinSxS\amd64_microsoft.windows.common-controls_6595b64144ccf1df_6.0.22621.2506_none_270c5ae97388e100;C:\Program Files\Microsoft\jdk-17.0.11.9-hotspot\bin\server

VM Arguments:
jvm_args: -Xmx64m -Xms64m -Dorg.gradle.appname=gradlew 
java_command: org.gradle.wrapper.GradleWrapperMain app:installDebug -PreactNativeDevServerPort=8081
java_class_path (initial): C:\Users\anand\Amaterasu\android\\gradle\wrapper\gradle-wrapper.jar
Launcher Type: SUN_STANDARD

[Global flags]
     intx CICompilerCount                          = 4                                         {product} {ergonomic}
     uint ConcGCThreads                            = 2                                         {product} {ergonomic}
     uint G1ConcRefinementThreads                  = 8                                         {product} {ergonomic}
   size_t G1HeapRegionSize                         = 1048576                                   {product} {ergonomic}
    uintx GCDrainStackTargetSize                   = 64                                        {product} {ergonomic}
   size_t InitialHeapSize                          = 67108864                                  {product} {command line}
   size_t MarkStackSize                            = 4194304                                   {product} {ergonomic}
   size_t MaxHeapSize                              = 67108864                                  {product} {command line}
   size_t MaxNewSize                               = 39845888                                  {product} {ergonomic}
   size_t MinHeapDeltaBytes                        = 1048576                                   {product} {ergonomic}
   size_t MinHeapSize                              = 67108864                                  {product} {command line}
    uintx NonNMethodCodeHeapSize                   = 5839372                                {pd product} {ergonomic}
    uintx NonProfiledCodeHeapSize                  = 122909434                              {pd product} {ergonomic}
    uintx ProfiledCodeHeapSize                     = 122909434                              {pd product} {ergonomic}
    uintx ReservedCodeCacheSize                    = 251658240                              {pd product} {ergonomic}
     bool SegmentedCodeCache                       = true                                      {product} {ergonomic}
   size_t SoftMaxHeapSize                          = 67108864                               {manageable} {ergonomic}
     bool UseCompressedClassPointers               = true                           {product lp64_product} {ergonomic}
     bool UseCompressedOops                        = true                           {product lp64_product} {ergonomic}
     bool UseG1GC                                  = true                                      {product} {ergonomic}
     bool UseLargePagesIndividualAllocation        = false                                  {pd product} {ergonomic}

Logging:
Log output configuration:
 #0: stdout all=warning uptime,level,tags
 #1: stderr all=off uptime,level,tags

Environment Variables:
JAVA_HOME=C:\Program Files\Microsoft\jdk-17.0.11.9-hotspot\
CLASSPATH=C:\Users\anand\Amaterasu\android\\gradle\wrapper\gradle-wrapper.jar
PATH=C:\Users\anand\Amaterasu\node_modules\.bin;C:\Users\anand\Amaterasu\node_modules\.bin;C:\Users\anand\node_modules\.bin;C:\Users\node_modules\.bin;C:\node_modules\.bin;C:\Users\anand\AppData\Roaming\npm\node_modules\npm\node_modules\@npmcli\run-script\lib\node-gyp-bin;C:\Program Files\Microsoft\jdk-17.0.11.9-hotspot\bin;C:\Program Files\Common Files\Oracle\Java\javapath;C:\Windows\system32;C:\Windows;C:\Windows\System32\Wbem;C:\Windows\System32\WindowsPowerShell\v1.0\;C:\Windows\System32\OpenSSH\;C:\Program Files (x86)\NVIDIA Corporation\PhysX\Common;C:\Program Files\NVIDIA Corporation\NVIDIA NvDLISR;C:\WINDOWS\system32;C:\WINDOWS;C:\WINDOWS\System32\Wbem;C:\WINDOWS\System32\WindowsPowerShell\v1.0\;C:\WINDOWS\System32\OpenSSH\;C:\MinGW\bin;C:\Program Files\Git\cmd;C:\Program Files\Git\mingw64\bin;C:\Program Files\Git\usr\bin;C:\ProgramData\chocolatey\bin;C:\Program Files\nodejs\;%LOCALAPPDATA%\Android\Sdk\platform-tools;C:\Protoc\bin;C:\Users\anand\AppData\Local\Microsoft\WindowsApps;";flutter\bin";C:\Users\anand\AppData\Local\Programs\Microsoft VS Code\bin;C:\Users\anand\AppData\Roaming\npm;
USERNAME=anand
LANG=en_US.UTF-8
OS=Windows_NT
PROCESSOR_IDENTIFIER=Intel64 Family 6 Model 165 Stepping 2, GenuineIntel
TMP=C:\Users\anand\AppData\Local\Temp
TEMP=C:\Users\anand\AppData\Local\Temp



Periodic native trim disabled


---------------  S Y S T E M  ---------------

OS:
 Windows 11 , 64 bit Build 22621 (10.0.22621.3085)
OS uptime: 21 days 8:50 hours

CPU: total 8 (initial active 8) (4 cores per cpu, 2 threads per core) family 6 model 165 stepping 2 microcode 0xe0, cx8, cmov, fxsr, ht, mmx, 3dnowpref, sse, sse2, sse3, ssse3, sse4.1, sse4.2, popcnt, lzcnt, tsc, tscinvbit, avx, avx2, aes, erms, clmul, bmi1, bmi2, adx, fma, vzeroupper, clflush, clflushopt
Processor Information for all 8 processors :
  Max Mhz: 2400, Current Mhz: 2400, Mhz Limit: 2400

Memory: 4k page, system-wide physical 8029M (547M free)
TotalPageFile size 32605M (AvailPageFile size 0M)
current process WorkingSet (physical memory assigned to process): 54M, peak: 54M
current process commit charge ("private bytes"): 149M, peak: 149M

vm_info: OpenJDK 64-Bit Server VM (17.0.11+9-LTS) for windows-amd64 JRE (17.0.11+9-LTS), built on Apr  9 2024 22:05:54 by "MicrosoftCorporation" with MS VC++ 16.10 / 16.11 (VS2019)

END.
