#
# There is insufficient memory for the Java Runtime Environment to continue.
# Native memory allocation (malloc) failed to allocate 250816 bytes. Error detail: Chunk::new
# Possible reasons:
#   The system is out of physical RAM or swap space
#   This process is running with CompressedOops enabled, and the Java Heap may be blocking the growth of the native heap
# Possible solutions:
#   Reduce memory load on the system
#   Increase physical memory or swap space
#   Check if swap backing store is full
#   Decrease Java heap size (-Xmx/-Xms)
#   Decrease number of Java threads
#   Decrease Java thread stack sizes (-Xss)
#   Set larger code cache with -XX:ReservedCodeCacheSize=
#   JVM is running with Unscaled Compressed Oops mode in which the Java heap is
#     placed in the first 4GB address space. The Java Heap base address is the
#     maximum limit for the native heap growth. Please use -XX:HeapBaseMinAddress
#     to set the Java Heap base and to place the Java Heap above 4GB virtual address.
# This output file may be truncated or incomplete.
#
#  Out of Memory Error (arena.cpp:191), pid=27636, tid=49852
#
# JRE version: OpenJDK Runtime Environment Microsoft-9388408 (17.0.11+9) (build 17.0.11+9-LTS)
# Java VM: OpenJDK 64-Bit Server VM Microsoft-9388408 (17.0.11+9-LTS, mixed mode, sharing, tiered, compressed oops, compressed class ptrs, g1 gc, windows-amd64)
# No core dump will be written. Minidumps are not enabled by default on client versions of Windows
#

---------------  S U M M A R Y ------------

Command Line: -Xmx64m -Xms64m -Dorg.gradle.appname=gradlew org.gradle.wrapper.GradleWrapperMain app:installDebug -PreactNativeDevServerPort=8081

Host: Intel(R) Core(TM) i5-10200H CPU @ 2.40GHz, 8 cores, 7G,  Windows 11 , 64 bit Build 22621 (10.0.22621.3085)
Time: Thu Jul 18 17:48:19 2024 India Standard Time elapsed time: 25.169261 seconds (0d 0h 0m 25s)

---------------  T H R E A D  ---------------

Current thread (0x000002031d391fb0):  JavaThread "C2 CompilerThread0" daemon [_thread_in_native, id=49852, stack(0x000000056d000000,0x000000056d100000)]


Current CompileTask:
C2:  25169 1565       4       java.util.HashMap::resize (356 bytes)

Stack: [0x000000056d000000,0x000000056d100000]
Native frames: (J=compiled Java code, j=interpreted, Vv=VM code, C=native code)
V  [jvm.dll+0x67f6d9]
V  [jvm.dll+0x83773a]
V  [jvm.dll+0x8391fe]
V  [jvm.dll+0x839863]
V  [jvm.dll+0x247fbf]
V  [jvm.dll+0xac544]
V  [jvm.dll+0xacb8c]
V  [jvm.dll+0x3688a7]
V  [jvm.dll+0x332e1a]
V  [jvm.dll+0x3322ba]
V  [jvm.dll+0x21a5d1]
V  [jvm.dll+0x219a11]
V  [jvm.dll+0x1a5396]
V  [jvm.dll+0x2297cd]
V  [jvm.dll+0x22799c]
V  [jvm.dll+0x7ec8b7]
V  [jvm.dll+0x7e6cba]
V  [jvm.dll+0x67e5c5]
C  [ucrtbase.dll+0x29363]
C  [KERNEL32.DLL+0x1257d]
C  [ntdll.dll+0x5aa58]


---------------  P R O C E S S  ---------------

Threads class SMR info:
_java_thread_list=0x00000203639c6ea0, length=15, elements={
0x000002030397c900, 0x0000020303a25960, 0x0000020303a27800, 0x000002031d38c380,
0x000002031d38cf40, 0x000002031d38fa10, 0x000002031d391000, 0x000002031d391fb0,
0x000002031d3a6f50, 0x000002031d3aa490, 0x000002031d5ea420, 0x000002031d5edc20,
0x00000203634a5510, 0x0000020363a37c60, 0x0000020363a86570
}

Java Threads: ( => current thread )
  0x000002030397c900 JavaThread "main" [_thread_in_native, id=36120, stack(0x000000056c300000,0x000000056c400000)]
  0x0000020303a25960 JavaThread "Reference Handler" daemon [_thread_blocked, id=53800, stack(0x000000056ca00000,0x000000056cb00000)]
  0x0000020303a27800 JavaThread "Finalizer" daemon [_thread_blocked, id=53752, stack(0x000000056cb00000,0x000000056cc00000)]
  0x000002031d38c380 JavaThread "Signal Dispatcher" daemon [_thread_blocked, id=27924, stack(0x000000056cc00000,0x000000056cd00000)]
  0x000002031d38cf40 JavaThread "Attach Listener" daemon [_thread_blocked, id=43044, stack(0x000000056cd00000,0x000000056ce00000)]
  0x000002031d38fa10 JavaThread "Service Thread" daemon [_thread_blocked, id=48688, stack(0x000000056ce00000,0x000000056cf00000)]
  0x000002031d391000 JavaThread "Monitor Deflation Thread" daemon [_thread_blocked, id=50612, stack(0x000000056cf00000,0x000000056d000000)]
=>0x000002031d391fb0 JavaThread "C2 CompilerThread0" daemon [_thread_in_native, id=49852, stack(0x000000056d000000,0x000000056d100000)]
  0x000002031d3a6f50 JavaThread "C1 CompilerThread0" daemon [_thread_blocked, id=37936, stack(0x000000056d100000,0x000000056d200000)]
  0x000002031d3aa490 JavaThread "Sweeper thread" daemon [_thread_blocked, id=35040, stack(0x000000056d200000,0x000000056d300000)]
  0x000002031d5ea420 JavaThread "Notification Thread" daemon [_thread_blocked, id=52768, stack(0x000000056d300000,0x000000056d400000)]
  0x000002031d5edc20 JavaThread "Common-Cleaner" daemon [_thread_blocked, id=15080, stack(0x000000056d500000,0x000000056d600000)]
  0x00000203634a5510 JavaThread "pool-1-thread-1" [_thread_blocked, id=51688, stack(0x000000056db00000,0x000000056dc00000)]
  0x0000020363a37c60 JavaThread "DisconnectableInputStream source reader" daemon [_thread_in_native, id=46056, stack(0x000000056dd00000,0x000000056de00000)]
  0x0000020363a86570 JavaThread "Forward input" [_thread_blocked, id=37516, stack(0x000000056de00000,0x000000056df00000)]

Other Threads:
  0x0000020303a21140 VMThread "VM Thread" [stack: 0x000000056c900000,0x000000056ca00000] [id=42104]
  0x000002031d5ec910 WatcherThread [stack: 0x000000056d400000,0x000000056d500000] [id=8852]
  0x000002030399cd30 GCTaskThread "GC Thread#0" [stack: 0x000000056c400000,0x000000056c500000] [id=50488]
  0x0000020363625920 GCTaskThread "GC Thread#1" [stack: 0x000000056d700000,0x000000056d800000] [id=50660]
  0x0000020363170090 GCTaskThread "GC Thread#2" [stack: 0x000000056d800000,0x000000056d900000] [id=49452]
  0x00000203635164f0 GCTaskThread "GC Thread#3" [stack: 0x000000056d900000,0x000000056da00000] [id=19016]
  0x00000203637fecc0 GCTaskThread "GC Thread#4" [stack: 0x000000056da00000,0x000000056db00000] [id=18324]
  0x000002030399e480 ConcurrentGCThread "G1 Main Marker" [stack: 0x000000056c500000,0x000000056c600000] [id=37620]
  0x00000203039a0ec0 ConcurrentGCThread "G1 Conc#0" [stack: 0x000000056c600000,0x000000056c700000] [id=20316]
  0x0000020303a023e0 ConcurrentGCThread "G1 Refine#0" [stack: 0x000000056c700000,0x000000056c800000] [id=52484]
  0x0000020303a02e10 ConcurrentGCThread "G1 Service" [stack: 0x000000056c800000,0x000000056c900000] [id=22684]

Threads with active compile tasks:
C2 CompilerThread0    25191 1565       4       java.util.HashMap::resize (356 bytes)

VM state: not at safepoint (normal execution)

VM Mutex/Monitor currently owned by a thread: None

Heap address: 0x00000000fc000000, size: 64 MB, Compressed Oops mode: 32-bit

CDS archive(s) mapped at: [0x000002031e000000-0x000002031ebb0000-0x000002031ebb0000), size 12255232, SharedBaseAddress: 0x000002031e000000, ArchiveRelocationMode: 1.
Compressed class space mapped at: 0x000002031f000000-0x000002035f000000, reserved size: 1073741824
Narrow klass base: 0x000002031e000000, Narrow klass shift: 0, Narrow klass range: 0x100000000

GC Precious Log:
 CPUs: 8 total, 8 available
 Memory: 8029M
 Large Page Support: Disabled
 NUMA Support: Disabled
 Compressed Oops: Enabled (32-bit)
 Heap Region Size: 1M
 Heap Min Capacity: 64M
 Heap Initial Capacity: 64M
 Heap Max Capacity: 64M
 Pre-touch: Disabled
 Parallel Workers: 8
 Concurrent Workers: 2
 Concurrent Refinement Workers: 8
 Periodic GC: Disabled

Heap:
 garbage-first heap   total 65536K, used 29984K [0x00000000fc000000, 0x0000000100000000)
  region size 1024K, 23 young (23552K), 3 survivors (3072K)
 Metaspace       used 9529K, committed 9792K, reserved 1114112K
  class space    used 1255K, committed 1344K, reserved 1048576K

Heap Regions: E=young(eden), S=young(survivor), O=old, HS=humongous(starts), HC=humongous(continues), CS=collection set, F=free, OA=open archive, CA=closed archive, TAMS=top-at-mark-start (previous, next)
|   0|0x00000000fc000000, 0x00000000fc100000, 0x00000000fc100000|100%|HS|  |TAMS 0x00000000fc000000, 0x00000000fc000000| Complete 
|   1|0x00000000fc100000, 0x00000000fc200000, 0x00000000fc200000|100%|HC|  |TAMS 0x00000000fc100000, 0x00000000fc100000| Complete 
|   2|0x00000000fc200000, 0x00000000fc300000, 0x00000000fc300000|100%|HC|  |TAMS 0x00000000fc200000, 0x00000000fc200000| Complete 
|   3|0x00000000fc300000, 0x00000000fc400000, 0x00000000fc400000|100%|HC|  |TAMS 0x00000000fc300000, 0x00000000fc300000| Complete 
|   4|0x00000000fc400000, 0x00000000fc500000, 0x00000000fc500000|100%| O|  |TAMS 0x00000000fc400000, 0x00000000fc400000| Untracked 
|   5|0x00000000fc500000, 0x00000000fc600000, 0x00000000fc600000|100%| O|  |TAMS 0x00000000fc500000, 0x00000000fc500000| Untracked 
|   6|0x00000000fc600000, 0x00000000fc700000, 0x00000000fc700000|100%| O|  |TAMS 0x00000000fc600000, 0x00000000fc600000| Untracked 
|   7|0x00000000fc700000, 0x00000000fc748000, 0x00000000fc800000| 28%| O|  |TAMS 0x00000000fc700000, 0x00000000fc700000| Untracked 
|   8|0x00000000fc800000, 0x00000000fc800000, 0x00000000fc900000|  0%| F|  |TAMS 0x00000000fc800000, 0x00000000fc800000| Untracked 
|   9|0x00000000fc900000, 0x00000000fc900000, 0x00000000fca00000|  0%| F|  |TAMS 0x00000000fc900000, 0x00000000fc900000| Untracked 
|  10|0x00000000fca00000, 0x00000000fca00000, 0x00000000fcb00000|  0%| F|  |TAMS 0x00000000fca00000, 0x00000000fca00000| Untracked 
|  11|0x00000000fcb00000, 0x00000000fcb00000, 0x00000000fcc00000|  0%| F|  |TAMS 0x00000000fcb00000, 0x00000000fcb00000| Untracked 
|  12|0x00000000fcc00000, 0x00000000fcc00000, 0x00000000fcd00000|  0%| F|  |TAMS 0x00000000fcc00000, 0x00000000fcc00000| Untracked 
|  13|0x00000000fcd00000, 0x00000000fcd00000, 0x00000000fce00000|  0%| F|  |TAMS 0x00000000fcd00000, 0x00000000fcd00000| Untracked 
|  14|0x00000000fce00000, 0x00000000fce00000, 0x00000000fcf00000|  0%| F|  |TAMS 0x00000000fce00000, 0x00000000fce00000| Untracked 
|  15|0x00000000fcf00000, 0x00000000fcf00000, 0x00000000fd000000|  0%| F|  |TAMS 0x00000000fcf00000, 0x00000000fcf00000| Untracked 
|  16|0x00000000fd000000, 0x00000000fd000000, 0x00000000fd100000|  0%| F|  |TAMS 0x00000000fd000000, 0x00000000fd000000| Untracked 
|  17|0x00000000fd100000, 0x00000000fd100000, 0x00000000fd200000|  0%| F|  |TAMS 0x00000000fd100000, 0x00000000fd100000| Untracked 
|  18|0x00000000fd200000, 0x00000000fd200000, 0x00000000fd300000|  0%| F|  |TAMS 0x00000000fd200000, 0x00000000fd200000| Untracked 
|  19|0x00000000fd300000, 0x00000000fd300000, 0x00000000fd400000|  0%| F|  |TAMS 0x00000000fd300000, 0x00000000fd300000| Untracked 
|  20|0x00000000fd400000, 0x00000000fd400000, 0x00000000fd500000|  0%| F|  |TAMS 0x00000000fd400000, 0x00000000fd400000| Untracked 
|  21|0x00000000fd500000, 0x00000000fd500000, 0x00000000fd600000|  0%| F|  |TAMS 0x00000000fd500000, 0x00000000fd500000| Untracked 
|  22|0x00000000fd600000, 0x00000000fd600000, 0x00000000fd700000|  0%| F|  |TAMS 0x00000000fd600000, 0x00000000fd600000| Untracked 
|  23|0x00000000fd700000, 0x00000000fd700000, 0x00000000fd800000|  0%| F|  |TAMS 0x00000000fd700000, 0x00000000fd700000| Untracked 
|  24|0x00000000fd800000, 0x00000000fd800000, 0x00000000fd900000|  0%| F|  |TAMS 0x00000000fd800000, 0x00000000fd800000| Untracked 
|  25|0x00000000fd900000, 0x00000000fd900000, 0x00000000fda00000|  0%| F|  |TAMS 0x00000000fd900000, 0x00000000fd900000| Untracked 
|  26|0x00000000fda00000, 0x00000000fda00000, 0x00000000fdb00000|  0%| F|  |TAMS 0x00000000fda00000, 0x00000000fda00000| Untracked 
|  27|0x00000000fdb00000, 0x00000000fdb00000, 0x00000000fdc00000|  0%| F|  |TAMS 0x00000000fdb00000, 0x00000000fdb00000| Untracked 
|  28|0x00000000fdc00000, 0x00000000fdc00000, 0x00000000fdd00000|  0%| F|  |TAMS 0x00000000fdc00000, 0x00000000fdc00000| Untracked 
|  29|0x00000000fdd00000, 0x00000000fdd00000, 0x00000000fde00000|  0%| F|  |TAMS 0x00000000fdd00000, 0x00000000fdd00000| Untracked 
|  30|0x00000000fde00000, 0x00000000fde00000, 0x00000000fdf00000|  0%| F|  |TAMS 0x00000000fde00000, 0x00000000fde00000| Untracked 
|  31|0x00000000fdf00000, 0x00000000fdf00000, 0x00000000fe000000|  0%| F|  |TAMS 0x00000000fdf00000, 0x00000000fdf00000| Untracked 
|  32|0x00000000fe000000, 0x00000000fe000000, 0x00000000fe100000|  0%| F|  |TAMS 0x00000000fe000000, 0x00000000fe000000| Untracked 
|  33|0x00000000fe100000, 0x00000000fe100000, 0x00000000fe200000|  0%| F|  |TAMS 0x00000000fe100000, 0x00000000fe100000| Untracked 
|  34|0x00000000fe200000, 0x00000000fe200000, 0x00000000fe300000|  0%| F|  |TAMS 0x00000000fe200000, 0x00000000fe200000| Untracked 
|  35|0x00000000fe300000, 0x00000000fe300000, 0x00000000fe400000|  0%| F|  |TAMS 0x00000000fe300000, 0x00000000fe300000| Untracked 
|  36|0x00000000fe400000, 0x00000000fe400000, 0x00000000fe500000|  0%| F|  |TAMS 0x00000000fe400000, 0x00000000fe400000| Untracked 
|  37|0x00000000fe500000, 0x00000000fe500000, 0x00000000fe600000|  0%| F|  |TAMS 0x00000000fe500000, 0x00000000fe500000| Untracked 
|  38|0x00000000fe600000, 0x00000000fe700000, 0x00000000fe700000|100%| S|CS|TAMS 0x00000000fe600000, 0x00000000fe600000| Complete 
|  39|0x00000000fe700000, 0x00000000fe800000, 0x00000000fe800000|100%| S|CS|TAMS 0x00000000fe700000, 0x00000000fe700000| Complete 
|  40|0x00000000fe800000, 0x00000000fe900000, 0x00000000fe900000|100%| S|CS|TAMS 0x00000000fe800000, 0x00000000fe800000| Complete 
|  41|0x00000000fe900000, 0x00000000fe900000, 0x00000000fea00000|  0%| F|  |TAMS 0x00000000fe900000, 0x00000000fe900000| Untracked 
|  42|0x00000000fea00000, 0x00000000fea00000, 0x00000000feb00000|  0%| F|  |TAMS 0x00000000fea00000, 0x00000000fea00000| Untracked 
|  43|0x00000000feb00000, 0x00000000feb00000, 0x00000000fec00000|  0%| F|  |TAMS 0x00000000feb00000, 0x00000000feb00000| Untracked 
|  44|0x00000000fec00000, 0x00000000fec71258, 0x00000000fed00000| 44%| E|  |TAMS 0x00000000fec00000, 0x00000000fec00000| Complete 
|  45|0x00000000fed00000, 0x00000000fee00000, 0x00000000fee00000|100%| E|CS|TAMS 0x00000000fed00000, 0x00000000fed00000| Complete 
|  46|0x00000000fee00000, 0x00000000fef00000, 0x00000000fef00000|100%| E|CS|TAMS 0x00000000fee00000, 0x00000000fee00000| Complete 
|  47|0x00000000fef00000, 0x00000000ff000000, 0x00000000ff000000|100%| E|CS|TAMS 0x00000000fef00000, 0x00000000fef00000| Complete 
|  48|0x00000000ff000000, 0x00000000ff100000, 0x00000000ff100000|100%| E|CS|TAMS 0x00000000ff000000, 0x00000000ff000000| Complete 
|  49|0x00000000ff100000, 0x00000000ff200000, 0x00000000ff200000|100%| E|CS|TAMS 0x00000000ff100000, 0x00000000ff100000| Complete 
|  50|0x00000000ff200000, 0x00000000ff300000, 0x00000000ff300000|100%| E|CS|TAMS 0x00000000ff200000, 0x00000000ff200000| Complete 
|  51|0x00000000ff300000, 0x00000000ff400000, 0x00000000ff400000|100%| E|CS|TAMS 0x00000000ff300000, 0x00000000ff300000| Complete 
|  52|0x00000000ff400000, 0x00000000ff500000, 0x00000000ff500000|100%| E|CS|TAMS 0x00000000ff400000, 0x00000000ff400000| Complete 
|  53|0x00000000ff500000, 0x00000000ff600000, 0x00000000ff600000|100%| E|CS|TAMS 0x00000000ff500000, 0x00000000ff500000| Complete 
|  54|0x00000000ff600000, 0x00000000ff700000, 0x00000000ff700000|100%| E|CS|TAMS 0x00000000ff600000, 0x00000000ff600000| Complete 
|  55|0x00000000ff700000, 0x00000000ff800000, 0x00000000ff800000|100%| E|CS|TAMS 0x00000000ff700000, 0x00000000ff700000| Complete 
|  56|0x00000000ff800000, 0x00000000ff900000, 0x00000000ff900000|100%| E|CS|TAMS 0x00000000ff800000, 0x00000000ff800000| Complete 
|  57|0x00000000ff900000, 0x00000000ffa00000, 0x00000000ffa00000|100%| E|CS|TAMS 0x00000000ff900000, 0x00000000ff900000| Complete 
|  58|0x00000000ffa00000, 0x00000000ffb00000, 0x00000000ffb00000|100%| E|CS|TAMS 0x00000000ffa00000, 0x00000000ffa00000| Complete 
|  59|0x00000000ffb00000, 0x00000000ffc00000, 0x00000000ffc00000|100%| E|CS|TAMS 0x00000000ffb00000, 0x00000000ffb00000| Complete 
|  60|0x00000000ffc00000, 0x00000000ffd00000, 0x00000000ffd00000|100%| E|CS|TAMS 0x00000000ffc00000, 0x00000000ffc00000| Complete 
|  61|0x00000000ffd00000, 0x00000000ffe00000, 0x00000000ffe00000|100%| E|CS|TAMS 0x00000000ffd00000, 0x00000000ffd00000| Complete 
|  62|0x00000000ffe00000, 0x00000000fff00000, 0x00000000fff00000|100%| E|CS|TAMS 0x00000000ffe00000, 0x00000000ffe00000| Complete 
|  63|0x00000000fff00000, 0x0000000100000000, 0x0000000100000000|100%| E|CS|TAMS 0x00000000fff00000, 0x00000000fff00000| Complete 

Card table byte_map: [0x00000203038b0000,0x00000203038d0000] _byte_map_base: 0x00000203030d0000

Marking Bits (Prev, Next): (CMBitMap*) 0x000002030399d350, (CMBitMap*) 0x000002030399d390
 Prev Bits: [0x000002031a7d0000, 0x000002031a8d0000)
 Next Bits: [0x000002031a8d0000, 0x000002031a9d0000)

Polling page: 0x0000020303130000

Metaspace:

Usage:
  Non-class:      8.08 MB used.
      Class:      1.23 MB used.
       Both:      9.31 MB used.

Virtual space:
  Non-class space:       64.00 MB reserved,       8.25 MB ( 13%) committed,  1 nodes.
      Class space:        1.00 GB reserved,       1.31 MB ( <1%) committed,  1 nodes.
             Both:        1.06 GB reserved,       9.56 MB ( <1%) committed. 

Chunk freelists:
   Non-Class:  7.55 MB
       Class:  14.61 MB
        Both:  22.15 MB

MaxMetaspaceSize: unlimited
CompressedClassSpaceSize: 1.00 GB
Initial GC threshold: 21.00 MB
Current GC threshold: 21.00 MB
CDS: on
MetaspaceReclaimPolicy: balanced
 - commit_granule_bytes: 65536.
 - commit_granule_words: 8192.
 - virtual_space_node_default_size: 8388608.
 - enlarge_chunks_in_place: 1.
 - new_chunks_are_fully_committed: 0.
 - uncommit_free_chunks: 1.
 - use_allocation_guard: 0.
 - handle_deallocations: 1.


Internal statistics:

num_allocs_failed_limit: 0.
num_arena_births: 82.
num_arena_deaths: 0.
num_vsnodes_births: 2.
num_vsnodes_deaths: 0.
num_space_committed: 153.
num_space_uncommitted: 0.
num_chunks_returned_to_freelist: 0.
num_chunks_taken_from_freelist: 332.
num_chunk_merges: 0.
num_chunk_splits: 231.
num_chunks_enlarged: 199.
num_inconsistent_stats: 0.

CodeHeap 'non-profiled nmethods': size=120000Kb used=592Kb max_used=592Kb free=119407Kb
 bounds [0x0000020312f70000, 0x00000203131e0000, 0x000002031a4a0000]
CodeHeap 'profiled nmethods': size=120000Kb used=2942Kb max_used=2942Kb free=117058Kb
 bounds [0x000002030b4a0000, 0x000002030b780000, 0x00000203129d0000]
CodeHeap 'non-nmethods': size=5760Kb used=1173Kb max_used=1198Kb free=4586Kb
 bounds [0x00000203129d0000, 0x0000020312c40000, 0x0000020312f70000]
 total_blobs=2035 nmethods=1565 adapters=383
 compilation: enabled
              stopped_count=0, restarted_count=0
 full_count=0

Compilation events (20 events):
Event: 24.446 Thread 0x000002031d3a6f50 nmethod 1557 0x000002030b775090 code [0x000002030b775280, 0x000002030b775878]
Event: 24.742 Thread 0x000002031d391fb0 1558       4       org.gradle.internal.operations.OperationIdentifier::equals (47 bytes)
Event: 24.743 Thread 0x000002031d391fb0 nmethod 1558 0x0000020313004010 code [0x0000020313004180, 0x0000020313004258]
Event: 24.851 Thread 0x000002031d3a6f50 1559       3       org.gradle.internal.logging.sink.GroupingProgressLogEventGenerator$OperationGroup::shouldPrintHeader (37 bytes)
Event: 24.851 Thread 0x000002031d3a6f50 nmethod 1559 0x000002030b775b10 code [0x000002030b775cc0, 0x000002030b776008]
Event: 24.852 Thread 0x000002031d3a6f50 1560       3       java.util.AbstractList::equals (117 bytes)
Event: 24.852 Thread 0x000002031d3a6f50 nmethod 1560 0x000002030b776110 code [0x000002030b776380, 0x000002030b777108]
Event: 25.044 Thread 0x000002031d3a6f50 1561       3       org.gradle.internal.logging.console.ThrottlingOutputEventListener::renderNow (40 bytes)
Event: 25.044 Thread 0x000002031d3a6f50 nmethod 1561 0x000002030b777390 code [0x000002030b777560, 0x000002030b777a88]
Event: 25.045 Thread 0x000002031d3a6f50 1562       3       com.google.common.collect.Iterators::addAll (41 bytes)
Event: 25.045 Thread 0x000002031d3a6f50 nmethod 1562 0x000002030b777c10 code [0x000002030b777e20, 0x000002030b7784e8]
Event: 25.045 Thread 0x000002031d3a6f50 1563       3       org.gradle.internal.logging.console.WorkInProgressRenderer::renderNow (351 bytes)
Event: 25.050 Thread 0x000002031d3a6f50 nmethod 1563 0x000002030b778710 code [0x000002030b778de0, 0x000002030b77d4e8]
Event: 25.050 Thread 0x000002031d3a6f50 1564       3       java.util.HashMap::values (25 bytes)
Event: 25.050 Thread 0x000002031d3a6f50 nmethod 1564 0x000002030b77e990 code [0x000002030b77eb40, 0x000002030b77eeb8]
Event: 25.154 Thread 0x000002031d391fb0 1565       4       java.util.HashMap::resize (356 bytes)
Event: 25.154 Thread 0x000002031d3a6f50 1566       3       com.google.common.collect.Lists$ReverseList$1::hasNext (10 bytes)
Event: 25.154 Thread 0x000002031d3a6f50 nmethod 1566 0x000002030b77f010 code [0x000002030b77f1c0, 0x000002030b77f388]
Event: 25.154 Thread 0x000002031d3a6f50 1567       3       java.util.ArrayList$ListItr::hasPrevious (13 bytes)
Event: 25.155 Thread 0x000002031d3a6f50 nmethod 1567 0x000002030b77f490 code [0x000002030b77f620, 0x000002030b77f798]

GC Heap History (2 events):
Event: 0.846 GC heap before
{Heap before GC invocations=0 (full 0):
 garbage-first heap   total 65536K, used 26624K [0x00000000fc000000, 0x0000000100000000)
  region size 1024K, 23 young (23552K), 0 survivors (0K)
 Metaspace       used 3647K, committed 3776K, reserved 1114112K
  class space    used 444K, committed 512K, reserved 1048576K
}
Event: 0.853 GC heap after
{Heap after GC invocations=1 (full 0):
 garbage-first heap   total 65536K, used 10528K [0x00000000fc000000, 0x0000000100000000)
  region size 1024K, 3 young (3072K), 3 survivors (3072K)
 Metaspace       used 3647K, committed 3776K, reserved 1114112K
  class space    used 444K, committed 512K, reserved 1048576K
}

Dll operation events (13 events):
Event: 0.016 Loaded shared library C:\Program Files\Microsoft\jdk-17.0.11.9-hotspot\bin\java.dll
Event: 0.043 Loaded shared library C:\Program Files\Microsoft\jdk-17.0.11.9-hotspot\bin\jsvml.dll
Event: 0.081 Loaded shared library C:\Program Files\Microsoft\jdk-17.0.11.9-hotspot\bin\net.dll
Event: 0.084 Loaded shared library C:\Program Files\Microsoft\jdk-17.0.11.9-hotspot\bin\nio.dll
Event: 0.087 Loaded shared library C:\Program Files\Microsoft\jdk-17.0.11.9-hotspot\bin\zip.dll
Event: 0.477 Loaded shared library C:\Program Files\Microsoft\jdk-17.0.11.9-hotspot\bin\jimage.dll
Event: 0.581 Loaded shared library C:\Program Files\Microsoft\jdk-17.0.11.9-hotspot\bin\verify.dll
Event: 0.903 Loaded shared library C:\Users\anand\.gradle\native\c067742578af261105cb4f569cf0c3c89f3d7b1fecec35dd04571415982c5e48\windows-amd64\native-platform.dll
Event: 0.923 Loaded shared library C:\Users\anand\.gradle\native\jansi\1.18\windows64\jansi.dll
Event: 1.080 Loaded shared library C:\Program Files\Microsoft\jdk-17.0.11.9-hotspot\bin\management.dll
Event: 1.083 Loaded shared library C:\Program Files\Microsoft\jdk-17.0.11.9-hotspot\bin\management_ext.dll
Event: 1.373 Loaded shared library C:\Program Files\Microsoft\jdk-17.0.11.9-hotspot\bin\extnet.dll
Event: 1.427 Loaded shared library C:\Program Files\Microsoft\jdk-17.0.11.9-hotspot\bin\sunmscapi.dll

Deoptimization events (20 events):
Event: 1.058 Thread 0x000002030397c900 DEOPT PACKING pc=0x0000020312fb5418 sp=0x000000056c3fcbf0
Event: 1.058 Thread 0x000002030397c900 DEOPT UNPACKING pc=0x0000020312a269a3 sp=0x000000056c3fcb08 mode 2
Event: 1.088 Thread 0x000002030397c900 Uncommon trap: trap_request=0xffffff45 fr.pc=0x0000020312fa979c relative=0x00000000000010fc
Event: 1.088 Thread 0x000002030397c900 Uncommon trap: reason=unstable_if action=reinterpret pc=0x0000020312fa979c method=java.util.HashMap.putVal(ILjava/lang/Object;Ljava/lang/Object;ZZ)Ljava/lang/Object; @ 236 c2
Event: 1.088 Thread 0x000002030397c900 DEOPT PACKING pc=0x0000020312fa979c sp=0x000000056c3fbf90
Event: 1.088 Thread 0x000002030397c900 DEOPT UNPACKING pc=0x0000020312a269a3 sp=0x000000056c3fbf58 mode 2
Event: 1.120 Thread 0x000002030397c900 DEOPT PACKING pc=0x000002030b5a1738 sp=0x000000056c3fa220
Event: 1.120 Thread 0x000002030397c900 DEOPT UNPACKING pc=0x0000020312a27143 sp=0x000000056c3f9738 mode 0
Event: 1.391 Thread 0x000002030397c900 Uncommon trap: trap_request=0xffffff45 fr.pc=0x0000020312fa6da4 relative=0x0000000000000664
Event: 1.391 Thread 0x000002030397c900 Uncommon trap: reason=unstable_if action=reinterpret pc=0x0000020312fa6da4 method=java.lang.AbstractStringBuilder.append(Ljava/lang/String;)Ljava/lang/AbstractStringBuilder; @ 1 c2
Event: 1.391 Thread 0x000002030397c900 DEOPT PACKING pc=0x0000020312fa6da4 sp=0x000000056c3fc7f0
Event: 1.391 Thread 0x000002030397c900 DEOPT UNPACKING pc=0x0000020312a269a3 sp=0x000000056c3fc770 mode 2
Event: 1.391 Thread 0x000002030397c900 Uncommon trap: trap_request=0xffffff45 fr.pc=0x0000020312fbb9a4 relative=0x0000000000000664
Event: 1.391 Thread 0x000002030397c900 Uncommon trap: reason=unstable_if action=reinterpret pc=0x0000020312fbb9a4 method=java.lang.AbstractStringBuilder.append(Ljava/lang/String;)Ljava/lang/AbstractStringBuilder; @ 1 c2
Event: 1.391 Thread 0x000002030397c900 DEOPT PACKING pc=0x0000020312fbb9a4 sp=0x000000056c3fc790
Event: 1.391 Thread 0x000002030397c900 DEOPT UNPACKING pc=0x0000020312a269a3 sp=0x000000056c3fc778 mode 2
Event: 1.496 Thread 0x000002030397c900 Uncommon trap: trap_request=0xffffff45 fr.pc=0x0000020312fc6690 relative=0x0000000000000430
Event: 1.496 Thread 0x000002030397c900 Uncommon trap: reason=unstable_if action=reinterpret pc=0x0000020312fc6690 method=java.util.regex.Matcher.match(II)Z @ 76 c2
Event: 1.496 Thread 0x000002030397c900 DEOPT PACKING pc=0x0000020312fc6690 sp=0x000000056c3fba60
Event: 1.496 Thread 0x000002030397c900 DEOPT UNPACKING pc=0x0000020312a269a3 sp=0x000000056c3fba18 mode 2

Classes unloaded (0 events):
No events

Classes redefined (0 events):
No events

Internal exceptions (20 events):
Event: 0.211 Thread 0x000002030397c900 Exception <a 'java/lang/NoSuchMethodError'{0x00000000ffc751b8}: 'int java.lang.invoke.DirectMethodHandle$Holder.invokeStaticInit(java.lang.Object, java.lang.Object)'> (0x00000000ffc751b8) 
thrown [s\src\hotspot\share\interpreter\linkResolver.cpp, line 759]
Event: 0.829 Thread 0x000002030397c900 Exception <a 'java/lang/NoSuchMethodError'{0x00000000fe98fc98}: 'void java.lang.invoke.DirectMethodHandle$Holder.invokeStatic(java.lang.Object, java.lang.Object)'> (0x00000000fe98fc98) 
thrown [s\src\hotspot\share\interpreter\linkResolver.cpp, line 759]
Event: 0.859 Thread 0x000002030397c900 Exception <a 'java/lang/NoClassDefFoundError'{0x00000000fff17258}: org/slf4j/impl/StaticMarkerBinder> (0x00000000fff17258) 
thrown [s\src\hotspot\share\classfile\systemDictionary.cpp, line 245]
Event: 0.880 Thread 0x000002030397c900 Exception <a 'java/lang/NoSuchMethodError'{0x00000000ffff06d8}: 'java.lang.Object java.lang.invoke.DirectMethodHandle$Holder.invokeVirtual(java.lang.Object, java.lang.Object, java.lang.Object, java.lang.Object, java.lang.Object, java.lang.Object, java.lang.Object)'> (0x00000000ffff06d8) 
thrown [s\src\hotspot\share\interpreter\linkResolver.cpp, line 759]
Event: 0.883 Thread 0x000002030397c900 Exception <a 'java/lang/NoSuchMethodError'{0x00000000ffe02118}: 'java.lang.Object java.lang.invoke.Invokers$Holder.invoker(java.lang.Object, java.lang.Object, java.lang.Object)'> (0x00000000ffe02118) 
thrown [s\src\hotspot\share\interpreter\linkResolver.cpp, line 759]
Event: 0.885 Thread 0x000002030397c900 Exception <a 'java/lang/NoSuchMethodError'{0x00000000ffe0b2f0}: 'java.lang.Object java.lang.invoke.DirectMethodHandle$Holder.invokeStatic(java.lang.Object, java.lang.Object, int)'> (0x00000000ffe0b2f0) 
thrown [s\src\hotspot\share\interpreter\linkResolver.cpp, line 759]
Event: 0.887 Thread 0x000002030397c900 Exception <a 'java/lang/NoSuchMethodError'{0x00000000ffe16fe0}: 'void java.lang.invoke.DelegatingMethodHandle$Holder.delegate(java.lang.Object, java.lang.Object, int, java.lang.Object)'> (0x00000000ffe16fe0) 
thrown [s\src\hotspot\share\interpreter\linkResolver.cpp, line 759]
Event: 0.887 Thread 0x000002030397c900 Exception <a 'java/lang/NoSuchMethodError'{0x00000000ffe1b1a8}: 'int java.lang.invoke.DirectMethodHandle$Holder.invokeSpecial(java.lang.Object, java.lang.Object, java.lang.Object)'> (0x00000000ffe1b1a8) 
thrown [s\src\hotspot\share\interpreter\linkResolver.cpp, line 759]
Event: 0.890 Thread 0x000002030397c900 Exception <a 'java/lang/NoSuchMethodError'{0x00000000ffe2e2f0}: 'java.lang.Object java.lang.invoke.Invokers$Holder.invokeExact_MT(java.lang.Object, java.lang.Object, java.lang.Object, java.lang.Object)'> (0x00000000ffe2e2f0) 
thrown [s\src\hotspot\share\interpreter\linkResolver.cpp, line 759]
Event: 1.046 Thread 0x000002030397c900 Exception <a 'java/lang/NoSuchMethodError'{0x00000000ff865650}: 'void java.lang.invoke.DirectMethodHandle$Holder.invokeSpecial(java.lang.Object, java.lang.Object, java.lang.Object)'> (0x00000000ff865650) 
thrown [s\src\hotspot\share\interpreter\linkResolver.cpp, line 759]
Event: 1.058 Thread 0x000002030397c900 Implicit null exception at 0x0000020312fcce8f to 0x0000020312fcd3fc
Event: 1.058 Thread 0x000002030397c900 Implicit null exception at 0x0000020312fb4e8f to 0x0000020312fb53f8
Event: 1.078 Thread 0x000002030397c900 Exception <a 'java/lang/NoSuchMethodError'{0x00000000ff61a438}: 'java.lang.Object java.lang.invoke.DirectMethodHandle$Holder.invokeStaticInit(java.lang.Object)'> (0x00000000ff61a438) 
thrown [s\src\hotspot\share\interpreter\linkResolver.cpp, line 759]
Event: 1.103 Thread 0x000002030397c900 Exception <a 'java/lang/NoSuchMethodError'{0x00000000ff6b44f8}: 'int java.lang.invoke.DirectMethodHandle$Holder.invokeVirtual(java.lang.Object, java.lang.Object, java.lang.Object)'> (0x00000000ff6b44f8) 
thrown [s\src\hotspot\share\interpreter\linkResolver.cpp, line 759]
Event: 1.109 Thread 0x000002030397c900 Exception <a 'java/lang/NoSuchMethodError'{0x00000000ff6f7930}: 'java.lang.Object java.lang.invoke.DirectMethodHandle$Holder.invokeVirtual(java.lang.Object, java.lang.Object, java.lang.Object)'> (0x00000000ff6f7930) 
thrown [s\src\hotspot\share\interpreter\linkResolver.cpp, line 759]
Event: 1.170 Thread 0x000002030397c900 Exception <a 'java/lang/NoSuchMethodError'{0x00000000ff271ac8}: 'java.lang.Object java.lang.invoke.DirectMethodHandle$Holder.invokeStaticInit(java.lang.Object, int, int, int, int)'> (0x00000000ff271ac8) 
thrown [s\src\hotspot\share\interpreter\linkResolver.cpp, line 759]
Event: 1.236 Thread 0x000002030397c900 Exception <a 'java/lang/NoSuchMethodError'{0x00000000ff2d1370}: 'java.lang.Object java.lang.invoke.DirectMethodHandle$Holder.invokeStaticInit(java.lang.Object, java.lang.Object, int, int, int, int)'> (0x00000000ff2d1370) 
thrown [s\src\hotspot\share\interpreter\linkResolver.cpp, line 759]
Event: 1.375 Thread 0x000002030397c900 Exception <a 'java/lang/NoSuchMethodError'{0x00000000ff100088}: 'void java.lang.invoke.DirectMethodHandle$Holder.invokeStatic(java.lang.Object, java.lang.Object, java.lang.Object)'> (0x00000000ff100088) 
thrown [s\src\hotspot\share\interpreter\linkResolver.cpp, line 759]
Event: 1.391 Thread 0x000002030397c900 Implicit null exception at 0x0000020312fa6772 to 0x0000020312fa6d8c
Event: 1.391 Thread 0x000002030397c900 Implicit null exception at 0x0000020312fbb372 to 0x0000020312fbb98c

VM Operations (20 events):
Event: 14.363 Executing VM operation: HandshakeAllThreads
Event: 14.363 Executing VM operation: HandshakeAllThreads done
Event: 14.363 Executing VM operation: Cleanup
Event: 14.363 Executing VM operation: Cleanup done
Event: 16.358 Executing VM operation: Cleanup
Event: 16.358 Executing VM operation: Cleanup done
Event: 17.372 Executing VM operation: Cleanup
Event: 17.373 Executing VM operation: Cleanup done
Event: 19.388 Executing VM operation: Cleanup
Event: 19.389 Executing VM operation: Cleanup done
Event: 20.390 Executing VM operation: Cleanup
Event: 20.390 Executing VM operation: Cleanup done
Event: 21.406 Executing VM operation: Cleanup
Event: 21.406 Executing VM operation: Cleanup done
Event: 22.408 Executing VM operation: Cleanup
Event: 22.408 Executing VM operation: Cleanup done
Event: 23.423 Executing VM operation: Cleanup
Event: 23.423 Executing VM operation: Cleanup done
Event: 24.428 Executing VM operation: Cleanup
Event: 24.428 Executing VM operation: Cleanup done

Events (20 events):
Event: 22.424 loading class jdk/internal/logger/LazyLoggers$LazyLoggerFactories
Event: 22.424 loading class jdk/internal/logger/LazyLoggers$LazyLoggerFactories done
Event: 22.424 loading class jdk/internal/logger/LoggerFinderLoader
Event: 22.425 loading class jdk/internal/logger/LoggerFinderLoader done
Event: 22.430 loading class jdk/internal/logger/LoggerFinderLoader$TemporaryLoggerFinder
Event: 22.430 loading class jdk/internal/logger/LoggerFinderLoader$TemporaryLoggerFinder done
Event: 22.430 loading class sun/util/logging/internal/LoggingProviderImpl$JULWrapper
Event: 22.433 loading class sun/util/logging/PlatformLogger$ConfigurableBridge$LoggerConfiguration
Event: 22.438 loading class sun/util/logging/PlatformLogger$ConfigurableBridge$LoggerConfiguration done
Event: 22.438 loading class sun/util/logging/internal/LoggingProviderImpl$JULWrapper done
Event: 22.438 loading class java/io/ObjectInputFilter
Event: 22.439 loading class java/io/ObjectInputFilter done
Event: 22.440 loading class java/io/ObjectInputFilter$Config$BuiltinFilterFactory
Event: 22.440 loading class java/io/ObjectInputFilter$Config$BuiltinFilterFactory done
Event: 22.440 loading class jdk/internal/access/JavaObjectInputFilterAccess
Event: 22.440 loading class jdk/internal/access/JavaObjectInputFilterAccess done
Event: 22.441 loading class java/lang/System$Logger$Level
Event: 22.443 loading class java/lang/System$Logger$Level done
Event: 22.443 loading class java/io/Bits
Event: 22.443 loading class java/io/Bits done


Dynamic libraries:
0x00007ff66d5a0000 - 0x00007ff66d5ae000 	C:\Program Files\Microsoft\jdk-17.0.11.9-hotspot\bin\java.exe
0x00007ffe6b450000 - 0x00007ffe6b667000 	C:\WINDOWS\SYSTEM32\ntdll.dll
0x00007ffe6a370000 - 0x00007ffe6a434000 	C:\WINDOWS\System32\KERNEL32.DLL
0x00007ffe68790000 - 0x00007ffe68b36000 	C:\WINDOWS\System32\KERNELBASE.dll
0x00007ffe68ea0000 - 0x00007ffe68fb1000 	C:\WINDOWS\System32\ucrtbase.dll
0x00007ffe5e240000 - 0x00007ffe5e25b000 	C:\Program Files\Microsoft\jdk-17.0.11.9-hotspot\bin\VCRUNTIME140.dll
0x00007ffe61990000 - 0x00007ffe619a7000 	C:\Program Files\Microsoft\jdk-17.0.11.9-hotspot\bin\jli.dll
0x00007ffe69be0000 - 0x00007ffe69d8e000 	C:\WINDOWS\System32\USER32.dll
0x00007ffe68d20000 - 0x00007ffe68d46000 	C:\WINDOWS\System32\win32u.dll
0x00007ffe50180000 - 0x00007ffe50413000 	C:\WINDOWS\WinSxS\amd64_microsoft.windows.common-controls_6595b64144ccf1df_6.0.22621.2506_none_270c5ae97388e100\COMCTL32.dll
0x00007ffe6b3e0000 - 0x00007ffe6b409000 	C:\WINDOWS\System32\GDI32.dll
0x00007ffe69a10000 - 0x00007ffe69ab7000 	C:\WINDOWS\System32\msvcrt.dll
0x00007ffe68b40000 - 0x00007ffe68c58000 	C:\WINDOWS\System32\gdi32full.dll
0x00007ffe68d50000 - 0x00007ffe68dea000 	C:\WINDOWS\System32\msvcp_win.dll
0x00007ffe69300000 - 0x00007ffe69331000 	C:\WINDOWS\System32\IMM32.DLL
0x00007ffe65710000 - 0x00007ffe6571c000 	C:\Program Files\Microsoft\jdk-17.0.11.9-hotspot\bin\vcruntime140_1.dll
0x00007ffe46810000 - 0x00007ffe4689d000 	C:\Program Files\Microsoft\jdk-17.0.11.9-hotspot\bin\msvcp140.dll
0x00007ffe05bc0000 - 0x00007ffe06826000 	C:\Program Files\Microsoft\jdk-17.0.11.9-hotspot\bin\server\jvm.dll
0x00007ffe6aa10000 - 0x00007ffe6aac3000 	C:\WINDOWS\System32\ADVAPI32.dll
0x00007ffe6aad0000 - 0x00007ffe6ab78000 	C:\WINDOWS\System32\sechost.dll
0x00007ffe68df0000 - 0x00007ffe68e18000 	C:\WINDOWS\System32\bcrypt.dll
0x00007ffe6a440000 - 0x00007ffe6a557000 	C:\WINDOWS\System32\RPCRT4.dll
0x00007ffe68400000 - 0x00007ffe6844d000 	C:\WINDOWS\SYSTEM32\POWRPROF.dll
0x00007ffe63860000 - 0x00007ffe63869000 	C:\WINDOWS\SYSTEM32\WSOCK32.dll
0x00007ffe69990000 - 0x00007ffe69a01000 	C:\WINDOWS\System32\WS2_32.dll
0x00007ffe62260000 - 0x00007ffe62294000 	C:\WINDOWS\SYSTEM32\WINMM.dll
0x00007ffe62a10000 - 0x00007ffe62a1a000 	C:\WINDOWS\SYSTEM32\VERSION.dll
0x00007ffe68200000 - 0x00007ffe68213000 	C:\WINDOWS\SYSTEM32\UMPDC.dll
0x00007ffe677d0000 - 0x00007ffe677e8000 	C:\WINDOWS\SYSTEM32\kernel.appcore.dll
0x00007ffe61a60000 - 0x00007ffe61a6a000 	C:\Program Files\Microsoft\jdk-17.0.11.9-hotspot\bin\jimage.dll
0x00007ffe66390000 - 0x00007ffe665c3000 	C:\WINDOWS\SYSTEM32\DBGHELP.DLL
0x00007ffe69600000 - 0x00007ffe69989000 	C:\WINDOWS\System32\combase.dll
0x00007ffe69340000 - 0x00007ffe69417000 	C:\WINDOWS\System32\OLEAUT32.dll
0x00007ffe5ae60000 - 0x00007ffe5ae92000 	C:\WINDOWS\SYSTEM32\dbgcore.DLL
0x00007ffe68e20000 - 0x00007ffe68e9a000 	C:\WINDOWS\System32\bcryptPrimitives.dll
0x00007ffe495a0000 - 0x00007ffe495c5000 	C:\Program Files\Microsoft\jdk-17.0.11.9-hotspot\bin\java.dll
0x00007ffe44d30000 - 0x00007ffe44e07000 	C:\Program Files\Microsoft\jdk-17.0.11.9-hotspot\bin\jsvml.dll
0x00007ffe6ab80000 - 0x00007ffe6b3db000 	C:\WINDOWS\System32\SHELL32.dll
0x00007ffe665d0000 - 0x00007ffe66ec6000 	C:\WINDOWS\SYSTEM32\windows.storage.dll
0x00007ffe66250000 - 0x00007ffe6638e000 	C:\WINDOWS\SYSTEM32\wintypes.dll
0x00007ffe691a0000 - 0x00007ffe69293000 	C:\WINDOWS\System32\SHCORE.dll
0x00007ffe6a670000 - 0x00007ffe6a6ce000 	C:\WINDOWS\System32\shlwapi.dll
0x00007ffe686c0000 - 0x00007ffe686e6000 	C:\WINDOWS\SYSTEM32\profapi.dll
0x00007ffe5cd90000 - 0x00007ffe5cda9000 	C:\Program Files\Microsoft\jdk-17.0.11.9-hotspot\bin\net.dll
0x00007ffe62520000 - 0x00007ffe62657000 	C:\WINDOWS\SYSTEM32\WINHTTP.dll
0x00007ffe67c50000 - 0x00007ffe67cb9000 	C:\WINDOWS\system32\mswsock.dll
0x00007ffe51660000 - 0x00007ffe51676000 	C:\Program Files\Microsoft\jdk-17.0.11.9-hotspot\bin\nio.dll
0x00007ffe4f260000 - 0x00007ffe4f278000 	C:\Program Files\Microsoft\jdk-17.0.11.9-hotspot\bin\zip.dll
0x00007ffe65720000 - 0x00007ffe65730000 	C:\Program Files\Microsoft\jdk-17.0.11.9-hotspot\bin\verify.dll
0x00007ffe520f0000 - 0x00007ffe52117000 	C:\Users\anand\.gradle\native\c067742578af261105cb4f569cf0c3c89f3d7b1fecec35dd04571415982c5e48\windows-amd64\native-platform.dll
0x00007ffe5ebe0000 - 0x00007ffe5ebea000 	C:\Users\anand\.gradle\native\jansi\1.18\windows64\jansi.dll
0x00007ffe5e280000 - 0x00007ffe5e289000 	C:\Program Files\Microsoft\jdk-17.0.11.9-hotspot\bin\management.dll
0x00007ffe5c0d0000 - 0x00007ffe5c0db000 	C:\Program Files\Microsoft\jdk-17.0.11.9-hotspot\bin\management_ext.dll
0x00007ffe6a900000 - 0x00007ffe6a908000 	C:\WINDOWS\System32\PSAPI.DLL
0x00007ffe67eb0000 - 0x00007ffe67ecb000 	C:\WINDOWS\SYSTEM32\CRYPTSP.dll
0x00007ffe67730000 - 0x00007ffe67765000 	C:\WINDOWS\system32\rsaenh.dll
0x00007ffe67d40000 - 0x00007ffe67d6c000 	C:\WINDOWS\SYSTEM32\USERENV.dll
0x00007ffe67ea0000 - 0x00007ffe67eac000 	C:\WINDOWS\SYSTEM32\CRYPTBASE.dll
0x00007ffe67250000 - 0x00007ffe6727d000 	C:\WINDOWS\SYSTEM32\IPHLPAPI.DLL
0x00007ffe6a560000 - 0x00007ffe6a569000 	C:\WINDOWS\System32\NSI.dll
0x00007ffe622c0000 - 0x00007ffe622d9000 	C:\WINDOWS\SYSTEM32\dhcpcsvc6.DLL
0x00007ffe622a0000 - 0x00007ffe622bf000 	C:\WINDOWS\SYSTEM32\dhcpcsvc.DLL
0x00007ffe67280000 - 0x00007ffe67379000 	C:\WINDOWS\SYSTEM32\DNSAPI.dll
0x00007ffe52610000 - 0x00007ffe52619000 	C:\Program Files\Microsoft\jdk-17.0.11.9-hotspot\bin\extnet.dll
0x00007ffe5a9b0000 - 0x00007ffe5a9be000 	C:\Program Files\Microsoft\jdk-17.0.11.9-hotspot\bin\sunmscapi.dll
0x00007ffe68fc0000 - 0x00007ffe69126000 	C:\WINDOWS\System32\CRYPT32.dll
0x00007ffe68060000 - 0x00007ffe6808e000 	C:\WINDOWS\SYSTEM32\ncrypt.dll
0x00007ffe68020000 - 0x00007ffe68057000 	C:\WINDOWS\SYSTEM32\NTASN1.dll
0x00007ffe5aa80000 - 0x00007ffe5aa88000 	C:\WINDOWS\system32\wshunix.dll

dbghelp: loaded successfully - version: 4.0.5 - missing functions: none
symbol engine: initialized successfully - sym options: 0x614 - pdb path: .;C:\Program Files\Microsoft\jdk-17.0.11.9-hotspot\bin;C:\WINDOWS\SYSTEM32;C:\WINDOWS\WinSxS\amd64_microsoft.windows.common-controls_6595b64144ccf1df_6.0.22621.2506_none_270c5ae97388e100;C:\Program Files\Microsoft\jdk-17.0.11.9-hotspot\bin\server;C:\Users\anand\.gradle\native\c067742578af261105cb4f569cf0c3c89f3d7b1fecec35dd04571415982c5e48\windows-amd64;C:\Users\anand\.gradle\native\jansi\1.18\windows64

VM Arguments:
jvm_args: -Xmx64m -Xms64m -Dorg.gradle.appname=gradlew 
java_command: org.gradle.wrapper.GradleWrapperMain app:installDebug -PreactNativeDevServerPort=8081
java_class_path (initial): C:\Users\anand\Amaterasu\android\\gradle\wrapper\gradle-wrapper.jar
Launcher Type: SUN_STANDARD

[Global flags]
     intx CICompilerCount                          = 4                                         {product} {ergonomic}
     uint ConcGCThreads                            = 2                                         {product} {ergonomic}
     uint G1ConcRefinementThreads                  = 8                                         {product} {ergonomic}
   size_t G1HeapRegionSize                         = 1048576                                   {product} {ergonomic}
    uintx GCDrainStackTargetSize                   = 64                                        {product} {ergonomic}
   size_t InitialHeapSize                          = 67108864                                  {product} {command line}
   size_t MarkStackSize                            = 4194304                                   {product} {ergonomic}
   size_t MaxHeapSize                              = 67108864                                  {product} {command line}
   size_t MaxNewSize                               = 39845888                                  {product} {ergonomic}
   size_t MinHeapDeltaBytes                        = 1048576                                   {product} {ergonomic}
   size_t MinHeapSize                              = 67108864                                  {product} {command line}
    uintx NonNMethodCodeHeapSize                   = 5839372                                {pd product} {ergonomic}
    uintx NonProfiledCodeHeapSize                  = 122909434                              {pd product} {ergonomic}
    uintx ProfiledCodeHeapSize                     = 122909434                              {pd product} {ergonomic}
    uintx ReservedCodeCacheSize                    = 251658240                              {pd product} {ergonomic}
     bool SegmentedCodeCache                       = true                                      {product} {ergonomic}
   size_t SoftMaxHeapSize                          = 67108864                               {manageable} {ergonomic}
     bool UseCompressedClassPointers               = true                           {product lp64_product} {ergonomic}
     bool UseCompressedOops                        = true                           {product lp64_product} {ergonomic}
     bool UseG1GC                                  = true                                      {product} {ergonomic}
     bool UseLargePagesIndividualAllocation        = false                                  {pd product} {ergonomic}

Logging:
Log output configuration:
 #0: stdout all=warning uptime,level,tags
 #1: stderr all=off uptime,level,tags

Environment Variables:
JAVA_HOME=C:\Program Files\Microsoft\jdk-17.0.11.9-hotspot\
CLASSPATH=C:\Users\anand\Amaterasu\android\\gradle\wrapper\gradle-wrapper.jar
PATH=C:\Users\anand\Amaterasu\node_modules\.bin;C:\Users\anand\Amaterasu\node_modules\.bin;C:\Users\anand\node_modules\.bin;C:\Users\node_modules\.bin;C:\node_modules\.bin;C:\Users\anand\AppData\Roaming\npm\node_modules\npm\node_modules\@npmcli\run-script\lib\node-gyp-bin;C:\Program Files\Microsoft\jdk-17.0.11.9-hotspot\bin;C:\Program Files\Common Files\Oracle\Java\javapath;C:\Windows\system32;C:\Windows;C:\Windows\System32\Wbem;C:\Windows\System32\WindowsPowerShell\v1.0\;C:\Windows\System32\OpenSSH\;C:\Program Files (x86)\NVIDIA Corporation\PhysX\Common;C:\Program Files\NVIDIA Corporation\NVIDIA NvDLISR;C:\WINDOWS\system32;C:\WINDOWS;C:\WINDOWS\System32\Wbem;C:\WINDOWS\System32\WindowsPowerShell\v1.0\;C:\WINDOWS\System32\OpenSSH\;C:\MinGW\bin;C:\Program Files\Git\cmd;C:\Program Files\Git\mingw64\bin;C:\Program Files\Git\usr\bin;C:\ProgramData\chocolatey\bin;C:\Program Files\nodejs\;%LOCALAPPDATA%\Android\Sdk\platform-tools;C:\Protoc\bin;C:\Users\anand\AppData\Local\Microsoft\WindowsApps;";flutter\bin";C:\Users\anand\AppData\Local\Programs\Microsoft VS Code\bin;C:\Users\anand\AppData\Roaming\npm;
USERNAME=anand
OS=Windows_NT
PROCESSOR_IDENTIFIER=Intel64 Family 6 Model 165 Stepping 2, GenuineIntel
TMP=C:\Users\anand\AppData\Local\Temp
TEMP=C:\Users\anand\AppData\Local\Temp



Periodic native trim disabled


---------------  S Y S T E M  ---------------

OS:
 Windows 11 , 64 bit Build 22621 (10.0.22621.3085)
OS uptime: 20 days 1:44 hours

CPU: total 8 (initial active 8) (4 cores per cpu, 2 threads per core) family 6 model 165 stepping 2 microcode 0xe0, cx8, cmov, fxsr, ht, mmx, 3dnowpref, sse, sse2, sse3, ssse3, sse4.1, sse4.2, popcnt, lzcnt, tsc, tscinvbit, avx, avx2, aes, erms, clmul, bmi1, bmi2, adx, fma, vzeroupper, clflush, clflushopt
Processor Information for all 8 processors :
  Max Mhz: 2400, Current Mhz: 2400, Mhz Limit: 2400

Memory: 4k page, system-wide physical 8029M (379M free)
TotalPageFile size 32605M (AvailPageFile size 0M)
current process WorkingSet (physical memory assigned to process): 92M, peak: 93M
current process commit charge ("private bytes"): 164M, peak: 166M

vm_info: OpenJDK 64-Bit Server VM (17.0.11+9-LTS) for windows-amd64 JRE (17.0.11+9-LTS), built on Apr  9 2024 22:05:54 by "MicrosoftCorporation" with MS VC++ 16.10 / 16.11 (VS2019)

END.
